------------------------------------------------------------
TimeQuest Timing Analyzer Summary
------------------------------------------------------------

Type  : Slow 1100mV 85C Model Setup 'Generate_Arbitrary_Divided_Clk32:Generate_LCD_scope_Clk|var_clk_div32:Div_Clk|tc_reg'
Slack : -6.916
TNS   : -287.008

Type  : Slow 1100mV 85C Model Setup 'U0|vga|vga_clk|altera_pll_i|general[0].gpll~PLL_OUTPUT_COUNTER|divclk'
Slack : -5.811
TNS   : -277.295

Type  : Slow 1100mV 85C Model Setup 'U0|pll|altera_pll_i|general[0].gpll~PLL_OUTPUT_COUNTER|divclk'
Slack : 0.489
TNS   : 0.000

Type  : Slow 1100mV 85C Model Setup 'CLOCK_50'
Slack : 8.917
TNS   : 0.000

Type  : Slow 1100mV 85C Model Setup 'altera_reserved_tck'
Slack : 10.003
TNS   : 0.000

Type  : Slow 1100mV 85C Model Setup 'U0|pll|altera_pll_i|general[2].gpll~PLL_OUTPUT_COUNTER|divclk'
Slack : 18.781
TNS   : 0.000

Type  : Slow 1100mV 85C Model Setup 'hack_ltm_sincronization:hack_ltm_sincronization_inst|line_rdy'
Slack : 32.105
TNS   : 0.000

Type  : Slow 1100mV 85C Model Hold 'U0|vga|vga_clk|altera_pll_i|general[0].gpll~PLL_OUTPUT_COUNTER|divclk'
Slack : -1.978
TNS   : -42.884

Type  : Slow 1100mV 85C Model Hold 'altera_reserved_tck'
Slack : 0.126
TNS   : 0.000

Type  : Slow 1100mV 85C Model Hold 'CLOCK_50'
Slack : 0.247
TNS   : 0.000

Type  : Slow 1100mV 85C Model Hold 'U0|pll|altera_pll_i|general[0].gpll~PLL_OUTPUT_COUNTER|divclk'
Slack : 0.339
TNS   : 0.000

Type  : Slow 1100mV 85C Model Hold 'U0|pll|altera_pll_i|general[2].gpll~PLL_OUTPUT_COUNTER|divclk'
Slack : 0.370
TNS   : 0.000

Type  : Slow 1100mV 85C Model Hold 'hack_ltm_sincronization:hack_ltm_sincronization_inst|line_rdy'
Slack : 0.683
TNS   : 0.000

Type  : Slow 1100mV 85C Model Hold 'Generate_Arbitrary_Divided_Clk32:Generate_LCD_scope_Clk|var_clk_div32:Div_Clk|tc_reg'
Slack : 0.826
TNS   : 0.000

Type  : Slow 1100mV 85C Model Recovery 'U0|vga|vga_clk|altera_pll_i|general[0].gpll~PLL_OUTPUT_COUNTER|divclk'
Slack : -5.102
TNS   : -15.238

Type  : Slow 1100mV 85C Model Recovery 'U0|pll|altera_pll_i|general[0].gpll~PLL_OUTPUT_COUNTER|divclk'
Slack : -2.825
TNS   : -8.467

Type  : Slow 1100mV 85C Model Recovery 'CLOCK_50'
Slack : 14.221
TNS   : 0.000

Type  : Slow 1100mV 85C Model Recovery 'U0|pll|altera_pll_i|general[2].gpll~PLL_OUTPUT_COUNTER|divclk'
Slack : 15.089
TNS   : 0.000

Type  : Slow 1100mV 85C Model Recovery 'altera_reserved_tck'
Slack : 18.034
TNS   : 0.000

Type  : Slow 1100mV 85C Model Removal 'U0|vga|vga_clk|altera_pll_i|general[0].gpll~PLL_OUTPUT_COUNTER|divclk'
Slack : -0.459
TNS   : -1.260

Type  : Slow 1100mV 85C Model Removal 'U0|pll|altera_pll_i|general[0].gpll~PLL_OUTPUT_COUNTER|divclk'
Slack : 0.402
TNS   : 0.000

Type  : Slow 1100mV 85C Model Removal 'U0|pll|altera_pll_i|general[2].gpll~PLL_OUTPUT_COUNTER|divclk'
Slack : 0.702
TNS   : 0.000

Type  : Slow 1100mV 85C Model Removal 'CLOCK_50'
Slack : 0.769
TNS   : 0.000

Type  : Slow 1100mV 85C Model Removal 'altera_reserved_tck'
Slack : 0.851
TNS   : 0.000

Type  : Slow 1100mV 85C Model Minimum Pulse Width 'U0|pll|altera_pll_i|general[0].gpll~FRACTIONAL_PLL|vcoph[0]'
Slack : 0.500
TNS   : 0.000

Type  : Slow 1100mV 85C Model Minimum Pulse Width 'U0|vga|vga_clk|altera_pll_i|general[0].gpll~FRACTIONAL_PLL|vcoph[0]'
Slack : 1.562
TNS   : 0.000

Type  : Slow 1100mV 85C Model Minimum Pulse Width 'U0|pll|altera_pll_i|general[0].gpll~PLL_OUTPUT_COUNTER|divclk'
Slack : 2.271
TNS   : 0.000

Type  : Slow 1100mV 85C Model Minimum Pulse Width 'CLOCK_50'
Slack : 8.878
TNS   : 0.000

Type  : Slow 1100mV 85C Model Minimum Pulse Width 'U0|vga|vga_clk|altera_pll_i|general[0].gpll~PLL_OUTPUT_COUNTER|divclk'
Slack : 11.286
TNS   : 0.000

Type  : Slow 1100mV 85C Model Minimum Pulse Width 'Generate_Arbitrary_Divided_Clk32:Generate_LCD_scope_Clk|var_clk_div32:Div_Clk|tc_reg'
Slack : 18.243
TNS   : 0.000

Type  : Slow 1100mV 85C Model Minimum Pulse Width 'hack_ltm_sincronization:hack_ltm_sincronization_inst|line_rdy'
Slack : 18.737
TNS   : 0.000

Type  : Slow 1100mV 85C Model Minimum Pulse Width 'altera_reserved_tck'
Slack : 18.941
TNS   : 0.000

Type  : Slow 1100mV 85C Model Minimum Pulse Width 'U0|pll|altera_pll_i|general[2].gpll~PLL_OUTPUT_COUNTER|divclk'
Slack : 19.146
TNS   : 0.000

Type  : Slow 1100mV 0C Model Setup 'Generate_Arbitrary_Divided_Clk32:Generate_LCD_scope_Clk|var_clk_div32:Div_Clk|tc_reg'
Slack : -6.882
TNS   : -289.286

Type  : Slow 1100mV 0C Model Setup 'U0|vga|vga_clk|altera_pll_i|general[0].gpll~PLL_OUTPUT_COUNTER|divclk'
Slack : -5.613
TNS   : -256.649

Type  : Slow 1100mV 0C Model Setup 'U0|pll|altera_pll_i|general[0].gpll~PLL_OUTPUT_COUNTER|divclk'
Slack : 0.594
TNS   : 0.000

Type  : Slow 1100mV 0C Model Setup 'CLOCK_50'
Slack : 9.086
TNS   : 0.000

Type  : Slow 1100mV 0C Model Setup 'altera_reserved_tck'
Slack : 10.393
TNS   : 0.000

Type  : Slow 1100mV 0C Model Setup 'U0|pll|altera_pll_i|general[2].gpll~PLL_OUTPUT_COUNTER|divclk'
Slack : 18.791
TNS   : 0.000

Type  : Slow 1100mV 0C Model Setup 'hack_ltm_sincronization:hack_ltm_sincronization_inst|line_rdy'
Slack : 32.346
TNS   : 0.000

Type  : Slow 1100mV 0C Model Hold 'U0|vga|vga_clk|altera_pll_i|general[0].gpll~PLL_OUTPUT_COUNTER|divclk'
Slack : -2.048
TNS   : -54.199

Type  : Slow 1100mV 0C Model Hold 'altera_reserved_tck'
Slack : 0.116
TNS   : 0.000

Type  : Slow 1100mV 0C Model Hold 'CLOCK_50'
Slack : 0.215
TNS   : 0.000

Type  : Slow 1100mV 0C Model Hold 'U0|pll|altera_pll_i|general[0].gpll~PLL_OUTPUT_COUNTER|divclk'
Slack : 0.269
TNS   : 0.000

Type  : Slow 1100mV 0C Model Hold 'U0|pll|altera_pll_i|general[2].gpll~PLL_OUTPUT_COUNTER|divclk'
Slack : 0.383
TNS   : 0.000

Type  : Slow 1100mV 0C Model Hold 'hack_ltm_sincronization:hack_ltm_sincronization_inst|line_rdy'
Slack : 0.737
TNS   : 0.000

Type  : Slow 1100mV 0C Model Hold 'Generate_Arbitrary_Divided_Clk32:Generate_LCD_scope_Clk|var_clk_div32:Div_Clk|tc_reg'
Slack : 0.798
TNS   : 0.000

Type  : Slow 1100mV 0C Model Recovery 'U0|vga|vga_clk|altera_pll_i|general[0].gpll~PLL_OUTPUT_COUNTER|divclk'
Slack : -4.616
TNS   : -13.747

Type  : Slow 1100mV 0C Model Recovery 'U0|pll|altera_pll_i|general[0].gpll~PLL_OUTPUT_COUNTER|divclk'
Slack : -2.415
TNS   : -7.237

Type  : Slow 1100mV 0C Model Recovery 'CLOCK_50'
Slack : 14.461
TNS   : 0.000

Type  : Slow 1100mV 0C Model Recovery 'U0|pll|altera_pll_i|general[2].gpll~PLL_OUTPUT_COUNTER|divclk'
Slack : 15.340
TNS   : 0.000

Type  : Slow 1100mV 0C Model Recovery 'altera_reserved_tck'
Slack : 18.129
TNS   : 0.000

Type  : Slow 1100mV 0C Model Removal 'U0|vga|vga_clk|altera_pll_i|general[0].gpll~PLL_OUTPUT_COUNTER|divclk'
Slack : -0.840
TNS   : -2.368

Type  : Slow 1100mV 0C Model Removal 'U0|pll|altera_pll_i|general[0].gpll~PLL_OUTPUT_COUNTER|divclk'
Slack : 0.320
TNS   : 0.000

Type  : Slow 1100mV 0C Model Removal 'U0|pll|altera_pll_i|general[2].gpll~PLL_OUTPUT_COUNTER|divclk'
Slack : 0.631
TNS   : 0.000

Type  : Slow 1100mV 0C Model Removal 'CLOCK_50'
Slack : 0.708
TNS   : 0.000

Type  : Slow 1100mV 0C Model Removal 'altera_reserved_tck'
Slack : 0.803
TNS   : 0.000

Type  : Slow 1100mV 0C Model Minimum Pulse Width 'U0|pll|altera_pll_i|general[0].gpll~FRACTIONAL_PLL|vcoph[0]'
Slack : 0.500
TNS   : 0.000

Type  : Slow 1100mV 0C Model Minimum Pulse Width 'U0|vga|vga_clk|altera_pll_i|general[0].gpll~FRACTIONAL_PLL|vcoph[0]'
Slack : 1.562
TNS   : 0.000

Type  : Slow 1100mV 0C Model Minimum Pulse Width 'U0|pll|altera_pll_i|general[0].gpll~PLL_OUTPUT_COUNTER|divclk'
Slack : 2.257
TNS   : 0.000

Type  : Slow 1100mV 0C Model Minimum Pulse Width 'CLOCK_50'
Slack : 8.909
TNS   : 0.000

Type  : Slow 1100mV 0C Model Minimum Pulse Width 'U0|vga|vga_clk|altera_pll_i|general[0].gpll~PLL_OUTPUT_COUNTER|divclk'
Slack : 11.261
TNS   : 0.000

Type  : Slow 1100mV 0C Model Minimum Pulse Width 'Generate_Arbitrary_Divided_Clk32:Generate_LCD_scope_Clk|var_clk_div32:Div_Clk|tc_reg'
Slack : 18.294
TNS   : 0.000

Type  : Slow 1100mV 0C Model Minimum Pulse Width 'hack_ltm_sincronization:hack_ltm_sincronization_inst|line_rdy'
Slack : 18.780
TNS   : 0.000

Type  : Slow 1100mV 0C Model Minimum Pulse Width 'altera_reserved_tck'
Slack : 18.928
TNS   : 0.000

Type  : Slow 1100mV 0C Model Minimum Pulse Width 'U0|pll|altera_pll_i|general[2].gpll~PLL_OUTPUT_COUNTER|divclk'
Slack : 19.155
TNS   : 0.000

Type  : Fast 1100mV 85C Model Setup 'U0|vga|vga_clk|altera_pll_i|general[0].gpll~PLL_OUTPUT_COUNTER|divclk'
Slack : -4.208
TNS   : -205.564

Type  : Fast 1100mV 85C Model Setup 'Generate_Arbitrary_Divided_Clk32:Generate_LCD_scope_Clk|var_clk_div32:Div_Clk|tc_reg'
Slack : -3.434
TNS   : -141.365

Type  : Fast 1100mV 85C Model Setup 'U0|pll|altera_pll_i|general[0].gpll~PLL_OUTPUT_COUNTER|divclk'
Slack : 3.320
TNS   : 0.000

Type  : Fast 1100mV 85C Model Setup 'altera_reserved_tck'
Slack : 12.171
TNS   : 0.000

Type  : Fast 1100mV 85C Model Setup 'CLOCK_50'
Slack : 13.363
TNS   : 0.000

Type  : Fast 1100mV 85C Model Setup 'U0|pll|altera_pll_i|general[2].gpll~PLL_OUTPUT_COUNTER|divclk'
Slack : 19.326
TNS   : 0.000

Type  : Fast 1100mV 85C Model Setup 'hack_ltm_sincronization:hack_ltm_sincronization_inst|line_rdy'
Slack : 34.557
TNS   : 0.000

Type  : Fast 1100mV 85C Model Hold 'U0|vga|vga_clk|altera_pll_i|general[0].gpll~PLL_OUTPUT_COUNTER|divclk'
Slack : -0.811
TNS   : -14.355

Type  : Fast 1100mV 85C Model Hold 'altera_reserved_tck'
Slack : 0.028
TNS   : 0.000

Type  : Fast 1100mV 85C Model Hold 'CLOCK_50'
Slack : 0.152
TNS   : 0.000

Type  : Fast 1100mV 85C Model Hold 'U0|pll|altera_pll_i|general[0].gpll~PLL_OUTPUT_COUNTER|divclk'
Slack : 0.177
TNS   : 0.000

Type  : Fast 1100mV 85C Model Hold 'U0|pll|altera_pll_i|general[2].gpll~PLL_OUTPUT_COUNTER|divclk'
Slack : 0.181
TNS   : 0.000

Type  : Fast 1100mV 85C Model Hold 'hack_ltm_sincronization:hack_ltm_sincronization_inst|line_rdy'
Slack : 0.382
TNS   : 0.000

Type  : Fast 1100mV 85C Model Hold 'Generate_Arbitrary_Divided_Clk32:Generate_LCD_scope_Clk|var_clk_div32:Div_Clk|tc_reg'
Slack : 0.424
TNS   : 0.000

Type  : Fast 1100mV 85C Model Recovery 'U0|vga|vga_clk|altera_pll_i|general[0].gpll~PLL_OUTPUT_COUNTER|divclk'
Slack : -3.559
TNS   : -10.610

Type  : Fast 1100mV 85C Model Recovery 'U0|pll|altera_pll_i|general[0].gpll~PLL_OUTPUT_COUNTER|divclk'
Slack : 0.232
TNS   : 0.000

Type  : Fast 1100mV 85C Model Recovery 'CLOCK_50'
Slack : 15.901
TNS   : 0.000

Type  : Fast 1100mV 85C Model Recovery 'U0|pll|altera_pll_i|general[2].gpll~PLL_OUTPUT_COUNTER|divclk'
Slack : 16.636
TNS   : 0.000

Type  : Fast 1100mV 85C Model Recovery 'altera_reserved_tck'
Slack : 19.067
TNS   : 0.000

Type  : Fast 1100mV 85C Model Removal 'U0|vga|vga_clk|altera_pll_i|general[0].gpll~PLL_OUTPUT_COUNTER|divclk'
Slack : 0.014
TNS   : 0.000

Type  : Fast 1100mV 85C Model Removal 'U0|pll|altera_pll_i|general[0].gpll~PLL_OUTPUT_COUNTER|divclk'
Slack : 0.301
TNS   : 0.000

Type  : Fast 1100mV 85C Model Removal 'U0|pll|altera_pll_i|general[2].gpll~PLL_OUTPUT_COUNTER|divclk'
Slack : 0.402
TNS   : 0.000

Type  : Fast 1100mV 85C Model Removal 'altera_reserved_tck'
Slack : 0.446
TNS   : 0.000

Type  : Fast 1100mV 85C Model Removal 'CLOCK_50'
Slack : 0.459
TNS   : 0.000

Type  : Fast 1100mV 85C Model Minimum Pulse Width 'U0|pll|altera_pll_i|general[0].gpll~FRACTIONAL_PLL|vcoph[0]'
Slack : 0.500
TNS   : 0.000

Type  : Fast 1100mV 85C Model Minimum Pulse Width 'U0|vga|vga_clk|altera_pll_i|general[0].gpll~FRACTIONAL_PLL|vcoph[0]'
Slack : 1.562
TNS   : 0.000

Type  : Fast 1100mV 85C Model Minimum Pulse Width 'U0|pll|altera_pll_i|general[0].gpll~PLL_OUTPUT_COUNTER|divclk'
Slack : 2.389
TNS   : 0.000

Type  : Fast 1100mV 85C Model Minimum Pulse Width 'CLOCK_50'
Slack : 8.481
TNS   : 0.000

Type  : Fast 1100mV 85C Model Minimum Pulse Width 'U0|vga|vga_clk|altera_pll_i|general[0].gpll~PLL_OUTPUT_COUNTER|divclk'
Slack : 11.392
TNS   : 0.000

Type  : Fast 1100mV 85C Model Minimum Pulse Width 'Generate_Arbitrary_Divided_Clk32:Generate_LCD_scope_Clk|var_clk_div32:Div_Clk|tc_reg'
Slack : 18.276
TNS   : 0.000

Type  : Fast 1100mV 85C Model Minimum Pulse Width 'altera_reserved_tck'
Slack : 18.835
TNS   : 0.000

Type  : Fast 1100mV 85C Model Minimum Pulse Width 'hack_ltm_sincronization:hack_ltm_sincronization_inst|line_rdy'
Slack : 19.092
TNS   : 0.000

Type  : Fast 1100mV 85C Model Minimum Pulse Width 'U0|pll|altera_pll_i|general[2].gpll~PLL_OUTPUT_COUNTER|divclk'
Slack : 19.522
TNS   : 0.000

Type  : Fast 1100mV 0C Model Setup 'U0|vga|vga_clk|altera_pll_i|general[0].gpll~PLL_OUTPUT_COUNTER|divclk'
Slack : -3.360
TNS   : -161.181

Type  : Fast 1100mV 0C Model Setup 'Generate_Arbitrary_Divided_Clk32:Generate_LCD_scope_Clk|var_clk_div32:Div_Clk|tc_reg'
Slack : -3.311
TNS   : -136.039

Type  : Fast 1100mV 0C Model Setup 'U0|pll|altera_pll_i|general[0].gpll~PLL_OUTPUT_COUNTER|divclk'
Slack : 3.583
TNS   : 0.000

Type  : Fast 1100mV 0C Model Setup 'altera_reserved_tck'
Slack : 12.465
TNS   : 0.000

Type  : Fast 1100mV 0C Model Setup 'CLOCK_50'
Slack : 13.980
TNS   : 0.000

Type  : Fast 1100mV 0C Model Setup 'U0|pll|altera_pll_i|general[2].gpll~PLL_OUTPUT_COUNTER|divclk'
Slack : 19.361
TNS   : 0.000

Type  : Fast 1100mV 0C Model Setup 'hack_ltm_sincronization:hack_ltm_sincronization_inst|line_rdy'
Slack : 35.038
TNS   : 0.000

Type  : Fast 1100mV 0C Model Hold 'U0|vga|vga_clk|altera_pll_i|general[0].gpll~PLL_OUTPUT_COUNTER|divclk'
Slack : -0.925
TNS   : -18.366

Type  : Fast 1100mV 0C Model Hold 'altera_reserved_tck'
Slack : 0.014
TNS   : 0.000

Type  : Fast 1100mV 0C Model Hold 'CLOCK_50'
Slack : 0.138
TNS   : 0.000

Type  : Fast 1100mV 0C Model Hold 'U0|pll|altera_pll_i|general[0].gpll~PLL_OUTPUT_COUNTER|divclk'
Slack : 0.140
TNS   : 0.000

Type  : Fast 1100mV 0C Model Hold 'U0|pll|altera_pll_i|general[2].gpll~PLL_OUTPUT_COUNTER|divclk'
Slack : 0.172
TNS   : 0.000

Type  : Fast 1100mV 0C Model Hold 'hack_ltm_sincronization:hack_ltm_sincronization_inst|line_rdy'
Slack : 0.368
TNS   : 0.000

Type  : Fast 1100mV 0C Model Hold 'Generate_Arbitrary_Divided_Clk32:Generate_LCD_scope_Clk|var_clk_div32:Div_Clk|tc_reg'
Slack : 0.382
TNS   : 0.000

Type  : Fast 1100mV 0C Model Recovery 'U0|vga|vga_clk|altera_pll_i|general[0].gpll~PLL_OUTPUT_COUNTER|divclk'
Slack : -2.738
TNS   : -8.136

Type  : Fast 1100mV 0C Model Recovery 'U0|pll|altera_pll_i|general[0].gpll~PLL_OUTPUT_COUNTER|divclk'
Slack : 1.076
TNS   : 0.000

Type  : Fast 1100mV 0C Model Recovery 'CLOCK_50'
Slack : 16.405
TNS   : 0.000

Type  : Fast 1100mV 0C Model Recovery 'U0|pll|altera_pll_i|general[2].gpll~PLL_OUTPUT_COUNTER|divclk'
Slack : 17.068
TNS   : 0.000

Type  : Fast 1100mV 0C Model Recovery 'altera_reserved_tck'
Slack : 19.288
TNS   : 0.000

Type  : Fast 1100mV 0C Model Removal 'U0|vga|vga_clk|altera_pll_i|general[0].gpll~PLL_OUTPUT_COUNTER|divclk'
Slack : -0.397
TNS   : -1.083

Type  : Fast 1100mV 0C Model Removal 'U0|pll|altera_pll_i|general[0].gpll~PLL_OUTPUT_COUNTER|divclk'
Slack : 0.233
TNS   : 0.000

Type  : Fast 1100mV 0C Model Removal 'U0|pll|altera_pll_i|general[2].gpll~PLL_OUTPUT_COUNTER|divclk'
Slack : 0.346
TNS   : 0.000

Type  : Fast 1100mV 0C Model Removal 'altera_reserved_tck'
Slack : 0.395
TNS   : 0.000

Type  : Fast 1100mV 0C Model Removal 'CLOCK_50'
Slack : 0.401
TNS   : 0.000

Type  : Fast 1100mV 0C Model Minimum Pulse Width 'U0|pll|altera_pll_i|general[0].gpll~FRACTIONAL_PLL|vcoph[0]'
Slack : 0.500
TNS   : 0.000

Type  : Fast 1100mV 0C Model Minimum Pulse Width 'U0|vga|vga_clk|altera_pll_i|general[0].gpll~FRACTIONAL_PLL|vcoph[0]'
Slack : 1.562
TNS   : 0.000

Type  : Fast 1100mV 0C Model Minimum Pulse Width 'U0|pll|altera_pll_i|general[0].gpll~PLL_OUTPUT_COUNTER|divclk'
Slack : 2.387
TNS   : 0.000

Type  : Fast 1100mV 0C Model Minimum Pulse Width 'CLOCK_50'
Slack : 8.435
TNS   : 0.000

Type  : Fast 1100mV 0C Model Minimum Pulse Width 'U0|vga|vga_clk|altera_pll_i|general[0].gpll~PLL_OUTPUT_COUNTER|divclk'
Slack : 11.391
TNS   : 0.000

Type  : Fast 1100mV 0C Model Minimum Pulse Width 'Generate_Arbitrary_Divided_Clk32:Generate_LCD_scope_Clk|var_clk_div32:Div_Clk|tc_reg'
Slack : 18.337
TNS   : 0.000

Type  : Fast 1100mV 0C Model Minimum Pulse Width 'altera_reserved_tck'
Slack : 18.805
TNS   : 0.000

Type  : Fast 1100mV 0C Model Minimum Pulse Width 'hack_ltm_sincronization:hack_ltm_sincronization_inst|line_rdy'
Slack : 19.112
TNS   : 0.000

Type  : Fast 1100mV 0C Model Minimum Pulse Width 'U0|pll|altera_pll_i|general[2].gpll~PLL_OUTPUT_COUNTER|divclk'
Slack : 19.526
TNS   : 0.000

------------------------------------------------------------
