------------------------------------------------------------
TimeQuest Timing Analyzer Summary
------------------------------------------------------------

Type  : Slow 1100mV 85C Model Setup 'Generate_Arbitrary_Divided_Clk32:Generate_LCD_scope_Clk|var_clk_div32:Div_Clk|tc_reg'
Slack : -7.602
TNS   : -251.490

Type  : Slow 1100mV 85C Model Setup 'U0|vga|vga_clk|altera_pll_i|general[0].gpll~PLL_OUTPUT_COUNTER|divclk'
Slack : -6.811
TNS   : -296.640

Type  : Slow 1100mV 85C Model Setup 'U0|pll|altera_pll_i|general[0].gpll~PLL_OUTPUT_COUNTER|divclk'
Slack : 0.170
TNS   : 0.000

Type  : Slow 1100mV 85C Model Setup 'altera_reserved_tck'
Slack : 4.498
TNS   : 0.000

Type  : Slow 1100mV 85C Model Setup 'CLOCK_50'
Slack : 9.350
TNS   : 0.000

Type  : Slow 1100mV 85C Model Setup 'U0|pll|altera_pll_i|general[2].gpll~PLL_OUTPUT_COUNTER|divclk'
Slack : 18.359
TNS   : 0.000

Type  : Slow 1100mV 85C Model Setup 'hack_ltm_sincronization:hack_ltm_sincronization_inst|line_rdy'
Slack : 32.500
TNS   : 0.000

Type  : Slow 1100mV 85C Model Hold 'U0|vga|vga_clk|altera_pll_i|general[0].gpll~PLL_OUTPUT_COUNTER|divclk'
Slack : -1.850
TNS   : -42.128

Type  : Slow 1100mV 85C Model Hold 'CLOCK_50'
Slack : 0.214
TNS   : 0.000

Type  : Slow 1100mV 85C Model Hold 'altera_reserved_tck'
Slack : 0.228
TNS   : 0.000

Type  : Slow 1100mV 85C Model Hold 'U0|pll|altera_pll_i|general[0].gpll~PLL_OUTPUT_COUNTER|divclk'
Slack : 0.245
TNS   : 0.000

Type  : Slow 1100mV 85C Model Hold 'U0|pll|altera_pll_i|general[2].gpll~PLL_OUTPUT_COUNTER|divclk'
Slack : 0.373
TNS   : 0.000

Type  : Slow 1100mV 85C Model Hold 'Generate_Arbitrary_Divided_Clk32:Generate_LCD_scope_Clk|var_clk_div32:Div_Clk|tc_reg'
Slack : 0.537
TNS   : 0.000

Type  : Slow 1100mV 85C Model Hold 'hack_ltm_sincronization:hack_ltm_sincronization_inst|line_rdy'
Slack : 1.441
TNS   : 0.000

Type  : Slow 1100mV 85C Model Recovery 'U0|vga|vga_clk|altera_pll_i|general[0].gpll~PLL_OUTPUT_COUNTER|divclk'
Slack : -5.295
TNS   : -15.367

Type  : Slow 1100mV 85C Model Recovery 'U0|pll|altera_pll_i|general[0].gpll~PLL_OUTPUT_COUNTER|divclk'
Slack : -1.919
TNS   : -21.082

Type  : Slow 1100mV 85C Model Recovery 'CLOCK_50'
Slack : 15.268
TNS   : 0.000

Type  : Slow 1100mV 85C Model Recovery 'U0|pll|altera_pll_i|general[2].gpll~PLL_OUTPUT_COUNTER|divclk'
Slack : 16.554
TNS   : 0.000

Type  : Slow 1100mV 85C Model Recovery 'altera_reserved_tck'
Slack : 17.726
TNS   : 0.000

Type  : Slow 1100mV 85C Model Removal 'U0|vga|vga_clk|altera_pll_i|general[0].gpll~PLL_OUTPUT_COUNTER|divclk'
Slack : -0.346
TNS   : -0.822

Type  : Slow 1100mV 85C Model Removal 'U0|pll|altera_pll_i|general[0].gpll~PLL_OUTPUT_COUNTER|divclk'
Slack : 0.466
TNS   : 0.000

Type  : Slow 1100mV 85C Model Removal 'U0|pll|altera_pll_i|general[2].gpll~PLL_OUTPUT_COUNTER|divclk'
Slack : 0.556
TNS   : 0.000

Type  : Slow 1100mV 85C Model Removal 'CLOCK_50'
Slack : 0.636
TNS   : 0.000

Type  : Slow 1100mV 85C Model Removal 'altera_reserved_tck'
Slack : 0.691
TNS   : 0.000

Type  : Slow 1100mV 85C Model Minimum Pulse Width 'U0|pll|altera_pll_i|general[0].gpll~FRACTIONAL_PLL|vcoph[0]'
Slack : 0.500
TNS   : 0.000

Type  : Slow 1100mV 85C Model Minimum Pulse Width 'U0|vga|vga_clk|altera_pll_i|general[0].gpll~FRACTIONAL_PLL|vcoph[0]'
Slack : 1.562
TNS   : 0.000

Type  : Slow 1100mV 85C Model Minimum Pulse Width 'U0|pll|altera_pll_i|general[0].gpll~PLL_OUTPUT_COUNTER|divclk'
Slack : 2.277
TNS   : 0.000

Type  : Slow 1100mV 85C Model Minimum Pulse Width 'CLOCK_50'
Slack : 8.880
TNS   : 0.000

Type  : Slow 1100mV 85C Model Minimum Pulse Width 'U0|vga|vga_clk|altera_pll_i|general[0].gpll~PLL_OUTPUT_COUNTER|divclk'
Slack : 11.280
TNS   : 0.000

Type  : Slow 1100mV 85C Model Minimum Pulse Width 'Generate_Arbitrary_Divided_Clk32:Generate_LCD_scope_Clk|var_clk_div32:Div_Clk|tc_reg'
Slack : 18.384
TNS   : 0.000

Type  : Slow 1100mV 85C Model Minimum Pulse Width 'altera_reserved_tck'
Slack : 18.663
TNS   : 0.000

Type  : Slow 1100mV 85C Model Minimum Pulse Width 'hack_ltm_sincronization:hack_ltm_sincronization_inst|line_rdy'
Slack : 18.843
TNS   : 0.000

Type  : Slow 1100mV 85C Model Minimum Pulse Width 'U0|pll|altera_pll_i|general[2].gpll~PLL_OUTPUT_COUNTER|divclk'
Slack : 19.146
TNS   : 0.000

Type  : Slow 1100mV 0C Model Setup 'Generate_Arbitrary_Divided_Clk32:Generate_LCD_scope_Clk|var_clk_div32:Div_Clk|tc_reg'
Slack : -7.541
TNS   : -252.002

Type  : Slow 1100mV 0C Model Setup 'U0|vga|vga_clk|altera_pll_i|general[0].gpll~PLL_OUTPUT_COUNTER|divclk'
Slack : -6.534
TNS   : -273.758

Type  : Slow 1100mV 0C Model Setup 'U0|pll|altera_pll_i|general[0].gpll~PLL_OUTPUT_COUNTER|divclk'
Slack : 0.395
TNS   : 0.000

Type  : Slow 1100mV 0C Model Setup 'altera_reserved_tck'
Slack : 4.987
TNS   : 0.000

Type  : Slow 1100mV 0C Model Setup 'CLOCK_50'
Slack : 9.655
TNS   : 0.000

Type  : Slow 1100mV 0C Model Setup 'U0|pll|altera_pll_i|general[2].gpll~PLL_OUTPUT_COUNTER|divclk'
Slack : 18.383
TNS   : 0.000

Type  : Slow 1100mV 0C Model Setup 'hack_ltm_sincronization:hack_ltm_sincronization_inst|line_rdy'
Slack : 32.625
TNS   : 0.000

Type  : Slow 1100mV 0C Model Hold 'U0|vga|vga_clk|altera_pll_i|general[0].gpll~PLL_OUTPUT_COUNTER|divclk'
Slack : -1.891
TNS   : -56.562

Type  : Slow 1100mV 0C Model Hold 'CLOCK_50'
Slack : 0.200
TNS   : 0.000

Type  : Slow 1100mV 0C Model Hold 'U0|pll|altera_pll_i|general[0].gpll~PLL_OUTPUT_COUNTER|divclk'
Slack : 0.203
TNS   : 0.000

Type  : Slow 1100mV 0C Model Hold 'altera_reserved_tck'
Slack : 0.295
TNS   : 0.000

Type  : Slow 1100mV 0C Model Hold 'U0|pll|altera_pll_i|general[2].gpll~PLL_OUTPUT_COUNTER|divclk'
Slack : 0.386
TNS   : 0.000

Type  : Slow 1100mV 0C Model Hold 'Generate_Arbitrary_Divided_Clk32:Generate_LCD_scope_Clk|var_clk_div32:Div_Clk|tc_reg'
Slack : 0.509
TNS   : 0.000

Type  : Slow 1100mV 0C Model Hold 'hack_ltm_sincronization:hack_ltm_sincronization_inst|line_rdy'
Slack : 1.403
TNS   : 0.000

Type  : Slow 1100mV 0C Model Recovery 'U0|vga|vga_clk|altera_pll_i|general[0].gpll~PLL_OUTPUT_COUNTER|divclk'
Slack : -4.790
TNS   : -13.873

Type  : Slow 1100mV 0C Model Recovery 'U0|pll|altera_pll_i|general[0].gpll~PLL_OUTPUT_COUNTER|divclk'
Slack : -1.522
TNS   : -16.711

Type  : Slow 1100mV 0C Model Recovery 'CLOCK_50'
Slack : 15.475
TNS   : 0.000

Type  : Slow 1100mV 0C Model Recovery 'U0|pll|altera_pll_i|general[2].gpll~PLL_OUTPUT_COUNTER|divclk'
Slack : 16.726
TNS   : 0.000

Type  : Slow 1100mV 0C Model Recovery 'altera_reserved_tck'
Slack : 17.863
TNS   : 0.000

Type  : Slow 1100mV 0C Model Removal 'U0|vga|vga_clk|altera_pll_i|general[0].gpll~PLL_OUTPUT_COUNTER|divclk'
Slack : -0.639
TNS   : -1.715

Type  : Slow 1100mV 0C Model Removal 'U0|pll|altera_pll_i|general[0].gpll~PLL_OUTPUT_COUNTER|divclk'
Slack : 0.366
TNS   : 0.000

Type  : Slow 1100mV 0C Model Removal 'U0|pll|altera_pll_i|general[2].gpll~PLL_OUTPUT_COUNTER|divclk'
Slack : 0.514
TNS   : 0.000

Type  : Slow 1100mV 0C Model Removal 'CLOCK_50'
Slack : 0.600
TNS   : 0.000

Type  : Slow 1100mV 0C Model Removal 'altera_reserved_tck'
Slack : 0.651
TNS   : 0.000

Type  : Slow 1100mV 0C Model Minimum Pulse Width 'U0|pll|altera_pll_i|general[0].gpll~FRACTIONAL_PLL|vcoph[0]'
Slack : 0.500
TNS   : 0.000

Type  : Slow 1100mV 0C Model Minimum Pulse Width 'U0|vga|vga_clk|altera_pll_i|general[0].gpll~FRACTIONAL_PLL|vcoph[0]'
Slack : 1.562
TNS   : 0.000

Type  : Slow 1100mV 0C Model Minimum Pulse Width 'U0|pll|altera_pll_i|general[0].gpll~PLL_OUTPUT_COUNTER|divclk'
Slack : 2.264
TNS   : 0.000

Type  : Slow 1100mV 0C Model Minimum Pulse Width 'CLOCK_50'
Slack : 8.913
TNS   : 0.000

Type  : Slow 1100mV 0C Model Minimum Pulse Width 'U0|vga|vga_clk|altera_pll_i|general[0].gpll~PLL_OUTPUT_COUNTER|divclk'
Slack : 11.260
TNS   : 0.000

Type  : Slow 1100mV 0C Model Minimum Pulse Width 'Generate_Arbitrary_Divided_Clk32:Generate_LCD_scope_Clk|var_clk_div32:Div_Clk|tc_reg'
Slack : 18.417
TNS   : 0.000

Type  : Slow 1100mV 0C Model Minimum Pulse Width 'altera_reserved_tck'
Slack : 18.625
TNS   : 0.000

Type  : Slow 1100mV 0C Model Minimum Pulse Width 'hack_ltm_sincronization:hack_ltm_sincronization_inst|line_rdy'
Slack : 18.836
TNS   : 0.000

Type  : Slow 1100mV 0C Model Minimum Pulse Width 'U0|pll|altera_pll_i|general[2].gpll~PLL_OUTPUT_COUNTER|divclk'
Slack : 19.152
TNS   : 0.000

Type  : Fast 1100mV 85C Model Setup 'U0|vga|vga_clk|altera_pll_i|general[0].gpll~PLL_OUTPUT_COUNTER|divclk'
Slack : -4.677
TNS   : -220.340

Type  : Fast 1100mV 85C Model Setup 'Generate_Arbitrary_Divided_Clk32:Generate_LCD_scope_Clk|var_clk_div32:Div_Clk|tc_reg'
Slack : -3.811
TNS   : -117.225

Type  : Fast 1100mV 85C Model Setup 'U0|pll|altera_pll_i|general[0].gpll~PLL_OUTPUT_COUNTER|divclk'
Slack : 3.018
TNS   : 0.000

Type  : Fast 1100mV 85C Model Setup 'altera_reserved_tck'
Slack : 7.802
TNS   : 0.000

Type  : Fast 1100mV 85C Model Setup 'CLOCK_50'
Slack : 13.499
TNS   : 0.000

Type  : Fast 1100mV 85C Model Setup 'U0|pll|altera_pll_i|general[2].gpll~PLL_OUTPUT_COUNTER|divclk'
Slack : 19.046
TNS   : 0.000

Type  : Fast 1100mV 85C Model Setup 'hack_ltm_sincronization:hack_ltm_sincronization_inst|line_rdy'
Slack : 34.735
TNS   : 0.000

Type  : Fast 1100mV 85C Model Hold 'U0|vga|vga_clk|altera_pll_i|general[0].gpll~PLL_OUTPUT_COUNTER|divclk'
Slack : -0.801
TNS   : -11.264

Type  : Fast 1100mV 85C Model Hold 'CLOCK_50'
Slack : 0.128
TNS   : 0.000

Type  : Fast 1100mV 85C Model Hold 'altera_reserved_tck'
Slack : 0.143
TNS   : 0.000

Type  : Fast 1100mV 85C Model Hold 'U0|pll|altera_pll_i|general[0].gpll~PLL_OUTPUT_COUNTER|divclk'
Slack : 0.155
TNS   : 0.000

Type  : Fast 1100mV 85C Model Hold 'U0|pll|altera_pll_i|general[2].gpll~PLL_OUTPUT_COUNTER|divclk'
Slack : 0.181
TNS   : 0.000

Type  : Fast 1100mV 85C Model Hold 'Generate_Arbitrary_Divided_Clk32:Generate_LCD_scope_Clk|var_clk_div32:Div_Clk|tc_reg'
Slack : 0.281
TNS   : 0.000

Type  : Fast 1100mV 85C Model Hold 'hack_ltm_sincronization:hack_ltm_sincronization_inst|line_rdy'
Slack : 0.785
TNS   : 0.000

Type  : Fast 1100mV 85C Model Recovery 'U0|vga|vga_clk|altera_pll_i|general[0].gpll~PLL_OUTPUT_COUNTER|divclk'
Slack : -3.683
TNS   : -10.656

Type  : Fast 1100mV 85C Model Recovery 'U0|pll|altera_pll_i|general[0].gpll~PLL_OUTPUT_COUNTER|divclk'
Slack : 0.726
TNS   : 0.000

Type  : Fast 1100mV 85C Model Recovery 'CLOCK_50'
Slack : 16.789
TNS   : 0.000

Type  : Fast 1100mV 85C Model Recovery 'U0|pll|altera_pll_i|general[2].gpll~PLL_OUTPUT_COUNTER|divclk'
Slack : 17.692
TNS   : 0.000

Type  : Fast 1100mV 85C Model Recovery 'altera_reserved_tck'
Slack : 19.010
TNS   : 0.000

Type  : Fast 1100mV 85C Model Removal 'U0|vga|vga_clk|altera_pll_i|general[0].gpll~PLL_OUTPUT_COUNTER|divclk'
Slack : 0.193
TNS   : 0.000

Type  : Fast 1100mV 85C Model Removal 'U0|pll|altera_pll_i|general[0].gpll~PLL_OUTPUT_COUNTER|divclk'
Slack : 0.288
TNS   : 0.000

Type  : Fast 1100mV 85C Model Removal 'U0|pll|altera_pll_i|general[2].gpll~PLL_OUTPUT_COUNTER|divclk'
Slack : 0.292
TNS   : 0.000

Type  : Fast 1100mV 85C Model Removal 'CLOCK_50'
Slack : 0.345
TNS   : 0.000

Type  : Fast 1100mV 85C Model Removal 'altera_reserved_tck'
Slack : 0.384
TNS   : 0.000

Type  : Fast 1100mV 85C Model Minimum Pulse Width 'U0|pll|altera_pll_i|general[0].gpll~FRACTIONAL_PLL|vcoph[0]'
Slack : 0.500
TNS   : 0.000

Type  : Fast 1100mV 85C Model Minimum Pulse Width 'U0|vga|vga_clk|altera_pll_i|general[0].gpll~FRACTIONAL_PLL|vcoph[0]'
Slack : 1.562
TNS   : 0.000

Type  : Fast 1100mV 85C Model Minimum Pulse Width 'U0|pll|altera_pll_i|general[0].gpll~PLL_OUTPUT_COUNTER|divclk'
Slack : 2.392
TNS   : 0.000

Type  : Fast 1100mV 85C Model Minimum Pulse Width 'CLOCK_50'
Slack : 8.481
TNS   : 0.000

Type  : Fast 1100mV 85C Model Minimum Pulse Width 'U0|vga|vga_clk|altera_pll_i|general[0].gpll~PLL_OUTPUT_COUNTER|divclk'
Slack : 11.390
TNS   : 0.000

Type  : Fast 1100mV 85C Model Minimum Pulse Width 'altera_reserved_tck'
Slack : 18.220
TNS   : 0.000

Type  : Fast 1100mV 85C Model Minimum Pulse Width 'Generate_Arbitrary_Divided_Clk32:Generate_LCD_scope_Clk|var_clk_div32:Div_Clk|tc_reg'
Slack : 18.378
TNS   : 0.000

Type  : Fast 1100mV 85C Model Minimum Pulse Width 'hack_ltm_sincronization:hack_ltm_sincronization_inst|line_rdy'
Slack : 19.084
TNS   : 0.000

Type  : Fast 1100mV 85C Model Minimum Pulse Width 'U0|pll|altera_pll_i|general[2].gpll~PLL_OUTPUT_COUNTER|divclk'
Slack : 19.521
TNS   : 0.000

Type  : Fast 1100mV 0C Model Setup 'U0|vga|vga_clk|altera_pll_i|general[0].gpll~PLL_OUTPUT_COUNTER|divclk'
Slack : -3.893
TNS   : -175.087

Type  : Fast 1100mV 0C Model Setup 'Generate_Arbitrary_Divided_Clk32:Generate_LCD_scope_Clk|var_clk_div32:Div_Clk|tc_reg'
Slack : -3.648
TNS   : -111.719

Type  : Fast 1100mV 0C Model Setup 'U0|pll|altera_pll_i|general[0].gpll~PLL_OUTPUT_COUNTER|divclk'
Slack : 3.355
TNS   : 0.000

Type  : Fast 1100mV 0C Model Setup 'altera_reserved_tck'
Slack : 8.940
TNS   : 0.000

Type  : Fast 1100mV 0C Model Setup 'CLOCK_50'
Slack : 14.200
TNS   : 0.000

Type  : Fast 1100mV 0C Model Setup 'U0|pll|altera_pll_i|general[2].gpll~PLL_OUTPUT_COUNTER|divclk'
Slack : 19.110
TNS   : 0.000

Type  : Fast 1100mV 0C Model Setup 'hack_ltm_sincronization:hack_ltm_sincronization_inst|line_rdy'
Slack : 35.164
TNS   : 0.000

Type  : Fast 1100mV 0C Model Hold 'U0|vga|vga_clk|altera_pll_i|general[0].gpll~PLL_OUTPUT_COUNTER|divclk'
Slack : -0.932
TNS   : -17.283

Type  : Fast 1100mV 0C Model Hold 'CLOCK_50'
Slack : 0.117
TNS   : 0.000

Type  : Fast 1100mV 0C Model Hold 'U0|pll|altera_pll_i|general[0].gpll~PLL_OUTPUT_COUNTER|divclk'
Slack : 0.117
TNS   : 0.000

Type  : Fast 1100mV 0C Model Hold 'altera_reserved_tck'
Slack : 0.149
TNS   : 0.000

Type  : Fast 1100mV 0C Model Hold 'U0|pll|altera_pll_i|general[2].gpll~PLL_OUTPUT_COUNTER|divclk'
Slack : 0.171
TNS   : 0.000

Type  : Fast 1100mV 0C Model Hold 'Generate_Arbitrary_Divided_Clk32:Generate_LCD_scope_Clk|var_clk_div32:Div_Clk|tc_reg'
Slack : 0.249
TNS   : 0.000

Type  : Fast 1100mV 0C Model Hold 'hack_ltm_sincronization:hack_ltm_sincronization_inst|line_rdy'
Slack : 0.762
TNS   : 0.000

Type  : Fast 1100mV 0C Model Recovery 'U0|vga|vga_clk|altera_pll_i|general[0].gpll~PLL_OUTPUT_COUNTER|divclk'
Slack : -2.878
TNS   : -8.289

Type  : Fast 1100mV 0C Model Recovery 'U0|pll|altera_pll_i|general[0].gpll~PLL_OUTPUT_COUNTER|divclk'
Slack : 1.527
TNS   : 0.000

Type  : Fast 1100mV 0C Model Recovery 'CLOCK_50'
Slack : 17.176
TNS   : 0.000

Type  : Fast 1100mV 0C Model Recovery 'U0|pll|altera_pll_i|general[2].gpll~PLL_OUTPUT_COUNTER|divclk'
Slack : 17.977
TNS   : 0.000

Type  : Fast 1100mV 0C Model Recovery 'altera_reserved_tck'
Slack : 19.252
TNS   : 0.000

Type  : Fast 1100mV 0C Model Removal 'U0|vga|vga_clk|altera_pll_i|general[0].gpll~PLL_OUTPUT_COUNTER|divclk'
Slack : -0.195
TNS   : -0.467

Type  : Fast 1100mV 0C Model Removal 'U0|pll|altera_pll_i|general[0].gpll~PLL_OUTPUT_COUNTER|divclk'
Slack : 0.207
TNS   : 0.000

Type  : Fast 1100mV 0C Model Removal 'U0|pll|altera_pll_i|general[2].gpll~PLL_OUTPUT_COUNTER|divclk'
Slack : 0.263
TNS   : 0.000

Type  : Fast 1100mV 0C Model Removal 'CLOCK_50'
Slack : 0.315
TNS   : 0.000

Type  : Fast 1100mV 0C Model Removal 'altera_reserved_tck'
Slack : 0.351
TNS   : 0.000

Type  : Fast 1100mV 0C Model Minimum Pulse Width 'U0|pll|altera_pll_i|general[0].gpll~FRACTIONAL_PLL|vcoph[0]'
Slack : 0.500
TNS   : 0.000

Type  : Fast 1100mV 0C Model Minimum Pulse Width 'U0|vga|vga_clk|altera_pll_i|general[0].gpll~FRACTIONAL_PLL|vcoph[0]'
Slack : 1.562
TNS   : 0.000

Type  : Fast 1100mV 0C Model Minimum Pulse Width 'U0|pll|altera_pll_i|general[0].gpll~PLL_OUTPUT_COUNTER|divclk'
Slack : 2.390
TNS   : 0.000

Type  : Fast 1100mV 0C Model Minimum Pulse Width 'CLOCK_50'
Slack : 8.435
TNS   : 0.000

Type  : Fast 1100mV 0C Model Minimum Pulse Width 'U0|vga|vga_clk|altera_pll_i|general[0].gpll~PLL_OUTPUT_COUNTER|divclk'
Slack : 11.387
TNS   : 0.000

Type  : Fast 1100mV 0C Model Minimum Pulse Width 'altera_reserved_tck'
Slack : 18.175
TNS   : 0.000

Type  : Fast 1100mV 0C Model Minimum Pulse Width 'Generate_Arbitrary_Divided_Clk32:Generate_LCD_scope_Clk|var_clk_div32:Div_Clk|tc_reg'
Slack : 18.412
TNS   : 0.000

Type  : Fast 1100mV 0C Model Minimum Pulse Width 'hack_ltm_sincronization:hack_ltm_sincronization_inst|line_rdy'
Slack : 19.080
TNS   : 0.000

Type  : Fast 1100mV 0C Model Minimum Pulse Width 'U0|pll|altera_pll_i|general[2].gpll~PLL_OUTPUT_COUNTER|divclk'
Slack : 19.525
TNS   : 0.000

------------------------------------------------------------
