Archive member included to satisfy reference by file (symbol)

c:/altera/14.1/nios2eds/bin/gnu/h-x86_64-mingw32/bin/../lib/gcc/nios2-elf/4.8.3\libgcc.a(lib2-divmod.o)
                              obj/default/drivers/drivers.o (__divsi3)
c:/altera/14.1/nios2eds/bin/gnu/h-x86_64-mingw32/bin/../lib/gcc/nios2-elf/4.8.3\libgcc.a(fixsfsi.o)
                              obj/default/drivers/drivers.o (__fixsfsi)
c:/altera/14.1/nios2eds/bin/gnu/h-x86_64-mingw32/bin/../lib/gcc/nios2-elf/4.8.3/../../../../../H-x86_64-mingw32/nios2-elf/lib\libc.a(lib_a-malloc.o)
                              obj/default/graphic_lib/draw_gimps.o (malloc)
c:/altera/14.1/nios2eds/bin/gnu/h-x86_64-mingw32/bin/../lib/gcc/nios2-elf/4.8.3/../../../../../H-x86_64-mingw32/nios2-elf/lib\libc.a(lib_a-mallocr.o)
                              c:/altera/14.1/nios2eds/bin/gnu/h-x86_64-mingw32/bin/../lib/gcc/nios2-elf/4.8.3/../../../../../H-x86_64-mingw32/nios2-elf/lib\libc.a(lib_a-malloc.o) (_malloc_r)
c:/altera/14.1/nios2eds/bin/gnu/h-x86_64-mingw32/bin/../lib/gcc/nios2-elf/4.8.3/../../../../../H-x86_64-mingw32/nios2-elf/lib\libc.a(lib_a-memcpy.o)
                              obj/default/graphic_lib/draw_gimps.o (memcpy)
c:/altera/14.1/nios2eds/bin/gnu/h-x86_64-mingw32/bin/../lib/gcc/nios2-elf/4.8.3/../../../../../H-x86_64-mingw32/nios2-elf/lib\libc.a(lib_a-memset.o)
                              obj/default/vip_fr.o (memset)
c:/altera/14.1/nios2eds/bin/gnu/h-x86_64-mingw32/bin/../lib/gcc/nios2-elf/4.8.3/../../../../../H-x86_64-mingw32/nios2-elf/lib\libc.a(lib_a-printf.o)
                              obj/default/graphic_lib/draw_gimps.o (printf)
c:/altera/14.1/nios2eds/bin/gnu/h-x86_64-mingw32/bin/../lib/gcc/nios2-elf/4.8.3/../../../../../H-x86_64-mingw32/nios2-elf/lib\libc.a(lib_a-sbrkr.o)
                              c:/altera/14.1/nios2eds/bin/gnu/h-x86_64-mingw32/bin/../lib/gcc/nios2-elf/4.8.3/../../../../../H-x86_64-mingw32/nios2-elf/lib\libc.a(lib_a-mallocr.o) (_sbrk_r)
c:/altera/14.1/nios2eds/bin/gnu/h-x86_64-mingw32/bin/../lib/gcc/nios2-elf/4.8.3/../../../../../H-x86_64-mingw32/nios2-elf/lib\libc.a(lib_a-strcpy.o)
                              obj/default/graphic_lib/simple_graphics.o (strcpy)
c:/altera/14.1/nios2eds/bin/gnu/h-x86_64-mingw32/bin/../lib/gcc/nios2-elf/4.8.3/../../../../../H-x86_64-mingw32/nios2-elf/lib\libc.a(lib_a-strlen.o)
                              obj/default/graphic_lib/simple_graphics.o (strlen)
c:/altera/14.1/nios2eds/bin/gnu/h-x86_64-mingw32/bin/../lib/gcc/nios2-elf/4.8.3/../../../../../H-x86_64-mingw32/nios2-elf/lib\libc.a(lib_a-vfprintf.o)
                              c:/altera/14.1/nios2eds/bin/gnu/h-x86_64-mingw32/bin/../lib/gcc/nios2-elf/4.8.3/../../../../../H-x86_64-mingw32/nios2-elf/lib\libc.a(lib_a-printf.o) (___vfprintf_internal_r)
c:/altera/14.1/nios2eds/bin/gnu/h-x86_64-mingw32/bin/../lib/gcc/nios2-elf/4.8.3/../../../../../H-x86_64-mingw32/nios2-elf/lib\libc.a(lib_a-wsetup.o)
                              c:/altera/14.1/nios2eds/bin/gnu/h-x86_64-mingw32/bin/../lib/gcc/nios2-elf/4.8.3/../../../../../H-x86_64-mingw32/nios2-elf/lib\libc.a(lib_a-vfprintf.o) (__swsetup_r)
c:/altera/14.1/nios2eds/bin/gnu/h-x86_64-mingw32/bin/../lib/gcc/nios2-elf/4.8.3/../../../../../H-x86_64-mingw32/nios2-elf/lib\libc.a(lib_a-dtoa.o)
                              c:/altera/14.1/nios2eds/bin/gnu/h-x86_64-mingw32/bin/../lib/gcc/nios2-elf/4.8.3/../../../../../H-x86_64-mingw32/nios2-elf/lib\libc.a(lib_a-vfprintf.o) (_dtoa_r)
c:/altera/14.1/nios2eds/bin/gnu/h-x86_64-mingw32/bin/../lib/gcc/nios2-elf/4.8.3/../../../../../H-x86_64-mingw32/nios2-elf/lib\libc.a(lib_a-fflush.o)
                              c:/altera/14.1/nios2eds/bin/gnu/h-x86_64-mingw32/bin/../lib/gcc/nios2-elf/4.8.3/../../../../../H-x86_64-mingw32/nios2-elf/lib\libc.a(lib_a-vfprintf.o) (_fflush_r)
c:/altera/14.1/nios2eds/bin/gnu/h-x86_64-mingw32/bin/../lib/gcc/nios2-elf/4.8.3/../../../../../H-x86_64-mingw32/nios2-elf/lib\libc.a(lib_a-findfp.o)
                              c:/altera/14.1/nios2eds/bin/gnu/h-x86_64-mingw32/bin/../lib/gcc/nios2-elf/4.8.3/../../../../../H-x86_64-mingw32/nios2-elf/lib\libc.a(lib_a-vfprintf.o) (__sinit)
c:/altera/14.1/nios2eds/bin/gnu/h-x86_64-mingw32/bin/../lib/gcc/nios2-elf/4.8.3/../../../../../H-x86_64-mingw32/nios2-elf/lib\libc.a(lib_a-freer.o)
                              c:/altera/14.1/nios2eds/bin/gnu/h-x86_64-mingw32/bin/../lib/gcc/nios2-elf/4.8.3/../../../../../H-x86_64-mingw32/nios2-elf/lib\libc.a(lib_a-malloc.o) (_free_r)
c:/altera/14.1/nios2eds/bin/gnu/h-x86_64-mingw32/bin/../lib/gcc/nios2-elf/4.8.3/../../../../../H-x86_64-mingw32/nios2-elf/lib\libc.a(lib_a-fwalk.o)
                              c:/altera/14.1/nios2eds/bin/gnu/h-x86_64-mingw32/bin/../lib/gcc/nios2-elf/4.8.3/../../../../../H-x86_64-mingw32/nios2-elf/lib\libc.a(lib_a-findfp.o) (_fwalk)
c:/altera/14.1/nios2eds/bin/gnu/h-x86_64-mingw32/bin/../lib/gcc/nios2-elf/4.8.3/../../../../../H-x86_64-mingw32/nios2-elf/lib\libc.a(lib_a-impure.o)
[...]
Memory Configuration

Name             Origin             Length             Attributes
reset            0x0000000004000000 0x0000000000000020
sdram_BEFORE_EXCEPTION 0x0000000004000020 0x000000000057e400
sdram            0x000000000457e420 0x0000000003a81be0
*default*        0x0000000000000000 0xffffffffffffffff

Linker script and memory map

LOAD ../lab5_bsp//obj/HAL/src/crt0.o
LOAD obj/default/drivers/drivers.o
LOAD obj/default/fonts/tahomabold_20.o
LOAD obj/default/fonts/tahomabold_32.o
LOAD obj/default/frame.o
LOAD obj/default/graphic_lib/draw_gimps.o
LOAD obj/default/graphic_lib/gimp_bmp.o
LOAD obj/default/graphic_lib/simple_graphics.o
LOAD obj/default/graphic_lib/simple_text.o
LOAD obj/default/hello_ucosii.o
LOAD obj/default/imagenes/back_down.o
LOAD obj/default/imagenes/back_up.o
LOAD obj/default/imagenes/ford_down.o
LOAD obj/default/imagenes/ford_up.o
LOAD obj/default/imagenes/pause_down.o
LOAD obj/default/imagenes/pause_up.o
LOAD obj/default/imagenes/play_down.o
LOAD obj/default/imagenes/play_up.o
LOAD obj/default/imagenes/stop_down.o
LOAD obj/default/imagenes/stop_up.o
LOAD obj/default/song/song.o
LOAD obj/default/student_code/student_code.o
LOAD obj/default/vip_fr.o
LOAD c:/altera/14.1/nios2eds/bin/gnu/h-x86_64-mingw32/bin/../lib/gcc/nios2-elf/4.8.3/../../../../../H-x86_64-mingw32/nios2-elf/lib\libstdc++.a
LOAD c:/altera/14.1/nios2eds/bin/gnu/h-x86_64-mingw32/bin/../lib/gcc/nios2-elf/4.8.3/../../../../../H-x86_64-mingw32/nios2-elf/lib\libm.a
LOAD c:/altera/14.1/nios2eds/bin/gnu/h-x86_64-mingw32/bin/../lib/gcc/nios2-elf/4.8.3\libgcc.a
START GROUP
LOAD c:/altera/14.1/nios2eds/bin/gnu/h-x86_64-mingw32/bin/../lib/gcc/nios2-elf/4.8.3/../../../../../H-x86_64-mingw32/nios2-elf/lib\libc.a
LOAD c:/altera/14.1/nios2eds/bin/gnu/h-x86_64-mingw32/bin/../lib/gcc/nios2-elf/4.8.3\libgcc.a
LOAD ../lab5_bsp/\libucosii_bsp.a
LOAD c:/altera/14.1/nios2eds/bin/gnu/h-x86_64-mingw32/bin/../lib/gcc/nios2-elf/4.8.3/../../../../../H-x86_64-mingw32/nios2-elf/lib\libm.a
END GROUP
LOAD c:/altera/14.1/nios2eds/bin/gnu/h-x86_64-mingw32/bin/../lib/gcc/nios2-elf/4.8.3\libgcc.a
                0x0000000004000000                __alt_mem_sdram = 0x4000000

.entry          0x0000000004000000       0x20
 *(.entry)
 .entry         0x0000000004000000       0x20 ../lab5_bsp//obj/HAL/src/crt0.o
                0x0000000004000000                __reset

.exceptions     0x000000000457e420      0x15c
                0x000000000457e420                PROVIDE (__ram_exceptions_start, ABSOLUTE (.))
                0x000000000457e420                . = ALIGN (0x20)
 *(.irq)
 *(.exceptions.entry.label)
 .exceptions.entry.label
                0x000000000457e420        0x0 ../lab5_bsp/\libucosii_bsp.a(alt_irq_entry.o)
                0x000000000457e420                alt_irq_entry
 .exceptions.entry.label
                0x000000000457e420        0x0 ../lab5_bsp/\libucosii_bsp.a(alt_exception_entry.o)
                0x000000000457e420                alt_exception
 *(.exceptions.entry.user)
 *(.exceptions.entry.ecc_fatal)
 *(.exceptions.entry)
 .exceptions.entry
                0x000000000457e420       0x54 ../lab5_bsp/\libucosii_bsp.a(alt_exception_entry.o)
 *(.exceptions.irqtest.user)
 *(.exceptions.irqtest)
 .exceptions.irqtest
                0x000000000457e474       0x10 ../lab5_bsp/\libucosii_bsp.a(alt_irq_entry.o)
 *(.exceptions.irqhandler.user)
 *(.exceptions.irqhandler)
 .exceptions.irqhandler
                0x000000000457e484        0x4 ../lab5_bsp/\libucosii_bsp.a(alt_irq_entry.o)
 *(.exceptions.irqreturn.user)
 *(.exceptions.irqreturn)
 .exceptions.irqreturn
                0x000000000457e488        0x4 ../lab5_bsp/\libucosii_bsp.a(alt_irq_entry.o)
 *(.exceptions.notirq.label)
 .exceptions.notirq.label
                0x000000000457e48c        0x0 ../lab5_bsp/\libucosii_bsp.a(alt_irq_entry.o)
 *(.exceptions.notirq.user)
 *(.exceptions.notirq)
 .exceptions.notirq
                0x000000000457e48c        0x8 ../lab5_bsp/\libucosii_bsp.a(alt_exception_entry.o)
 *(.exceptions.soft.user)
 *(.exceptions.soft)
 *(.exceptions.unknown.user)
 *(.exceptions.unknown)
 .exceptions.unknown
                0x000000000457e494        0x4 ../lab5_bsp/\libucosii_bsp.a(alt_exception_entry.o)
 *(.exceptions.exit.label)
 .exceptions.exit.label
                0x000000000457e498        0x0 ../lab5_bsp/\libucosii_bsp.a(alt_irq_entry.o)
 .exceptions.exit.label
                0x000000000457e498        0x0 ../lab5_bsp/\libucosii_bsp.a(alt_exception_entry.o)
 *(.exceptions.exit.user)
 *(.exceptions.exit)
 .exceptions.exit
                0x000000000457e498       0x54 ../lab5_bsp/\libucosii_bsp.a(alt_exception_entry.o)
 *(.exceptions)
 .exceptions    0x000000000457e4ec       0x90 ../lab5_bsp/\libucosii_bsp.a(alt_irq_handler.o)
                0x000000000457e4ec                alt_irq_handler
                0x000000000457e57c                PROVIDE (__ram_exceptions_end, ABSOLUTE (.))
                0x000000000457e420                PROVIDE (__flash_exceptions_start, LOADADDR (.exceptions))

.text           0x000000000457e57c    0x19080
                0x000000000457e57c                PROVIDE (stext, ABSOLUTE (.))
 *(.interp)
 *(.hash)
 *(.dynsym)
 *(.dynstr)
 *(.gnu.version)
 *(.gnu.version_d)
 *(.gnu.version_r)
 *(.rel.init)
 *(.rela.init)
 *(.rel.text .rel.text.* .rel.gnu.linkonce.t.*)
 *(.rela.text .rela.text.* .rela.gnu.linkonce.t.*)
 *(.rel.fini)
 *(.rela.fini)
 *(.rel.rodata .rel.rodata.* .rel.gnu.linkonce.r.*)
 *(.rela.rodata .rela.rodata.* .rela.gnu.linkonce.r.*)
 *(.rel.data .rel.data.* .rel.gnu.linkonce.d.*)
 *(.rela.data .rela.data.* .rela.gnu.linkonce.d.*)
 *(.rel.tdata .rel.tdata.* .rel.gnu.linkonce.td.*)
 *(.rela.tdata .rela.tdata.* .rela.gnu.linkonce.td.*)
 *(.rel.tbss .rel.tbss.* .rel.gnu.linkonce.tb.*)
 *(.rela.tbss .rela.tbss.* .rela.gnu.linkonce.tb.*)
 *(.rel.ctors)
 *(.rela.ctors)
 *(.rel.dtors)
 *(.rela.dtors)
 *(.rel.got)
 *(.rela.got)
 *(.rel.sdata .rel.sdata.* .rel.gnu.linkonce.s.*)
 *(.rela.sdata .rela.sdata.* .rela.gnu.linkonce.s.*)
 *(.rel.sbss .rel.sbss.* .rel.gnu.linkonce.sb.*)
 *(.rela.sbss .rela.sbss.* .rela.gnu.linkonce.sb.*)
 *(.rel.sdata2 .rel.sdata2.* .rel.gnu.linkonce.s2.*)
 *(.rela.sdata2 .rela.sdata2.* .rela.gnu.linkonce.s2.*)
 *(.rel.sbss2 .rel.sbss2.* .rel.gnu.linkonce.sb2.*)
 *(.rela.sbss2 .rela.sbss2.* .rela.gnu.linkonce.sb2.*)
 *(.rel.bss .rel.bss.* .rel.gnu.linkonce.b.*)
 *(.rela.bss .rela.bss.* .rela.gnu.linkonce.b.*)
 *(.rel.plt)
 *(.rela.plt)
 *(.rel.dyn)
 *(.init)
 *(.plt)
 *(.text .stub .text.* .gnu.linkonce.t.*)
 .text          0x000000000457e57c       0x4c ../lab5_bsp//obj/HAL/src/crt0.o
                0x000000000457e57c                _start
 .text          0x000000000457e5c8     0x182c obj/default/drivers/drivers.o
                0x000000000457e5c8                audio_dac_wr_fifo
                0x000000000457e63c                stop_wav
                0x000000000457e660                play_wav
                0x000000000457e67c                pause_wav
                0x000000000457e694                audio_dac_fifo_full
                0x000000000457e6a8                init_audio_hw
                0x000000000457e6e4                set_audio_frequency_audio_controller
                0x000000000457e71c                set_note
                0x000000000457e754                select_modulation
                0x000000000457e768                select_signal
                0x000000000457e77c                audio_selector
                0x000000000457e790                read_keyboard
                0x000000000457e7a0                mouse_pos
                0x000000000457e854                Sleep
                0x000000000457e8a0                Beep
                0x000000000457e8dc                starwars
                0x000000000457ea3c                gloria
                0x000000000457ef20                mario
                0x000000000457f7c0                tetris
 .text          0x000000000457fdf4        0x0 obj/default/fonts/tahomabold_20.o
 .text          0x000000000457fdf4        0x0 obj/default/fonts/tahomabold_32.o
 .text          0x000000000457fdf4      0x120 obj/default/frame.o
                0x000000000457fdf4                ConfigVFR
                0x000000000457feb4                GetFrameBuffer
                0x000000000457fed0                cleanscreen
 .text          0x000000000457ff14      0x55c obj/default/graphic_lib/draw_gimps.o
                0x000000000457ff14                AsVidCopyImageToBuffer
                0x000000000457ffec                AsVidCopyImageToBuffer2
                0x00000000045800e8                AsVidCopyImageToBuffer3
                0x0000000004580208                DispIMAGE
                0x00000000045802b8                DispIMAGE_fit
                0x00000000045803a4                DispIMAGE_from_gimp
 .text          0x0000000004580470      0x508 obj/default/graphic_lib/gimp_bmp.o
                0x0000000004580470                copy_pix_map_32_to_32
                0x00000000045804e0                copy_pix_map_32_to_24
                0x0000000004580560                copy_pix_map_32_to_16
                0x00000000045805e8                copy_pix_map_24_to_32
                0x0000000004580670                copy_pix_map_24_to_24
                0x00000000045806f0                copy_pix_map_24_to_16
                0x0000000004580798                load_gimp_bmp
 .text          0x0000000004580978     0x1ff0 obj/default/graphic_lib/simple_graphics.o
                0x0000000004580978                vid_scroll_string_quit
                0x00000000045809a8                vid_scroll_string_init
                0x0000000004580a94                vid_set_pixel
                0x0000000004580b88                vid_print_char
                0x0000000004580c70                vid_print_string
                0x0000000004580d48                vid_get_pixel
                0x0000000004580da4                vid_move_block
                0x0000000004580ea8                vid_paint_block
                0x0000000004581028                vid_clean_screen
                0x0000000004581058                vid_draw_horiz_line
                0x000000000458128c                vid_merge_colors
                0x00000000045812a8                vid_color_convert24_16
                0x00000000045812dc                vid_color_convert16_24
                0x0000000004581304                vid_copy_line_to_frame_buffer
                0x00000000045814bc                vid_draw_sloped_line
                0x0000000004581648                vid_draw_line
                0x00000000045816c4                vid_draw_box
                0x000000000458183c                vid_scroll_string
                0x0000000004581a6c                vid_round_corner_points
                0x0000000004581ee8                vid_draw_circle
                0x0000000004582000                vid_draw_round_corner_box
                0x00000000045822f0                max3
                0x0000000004582308                min3
                0x0000000004582320                max_diff3
                0x000000000458234c                vid_put_pixel_in_span_map
                0x0000000004582390                vid_bres_scan_edges
                0x00000000045824d8                vid_draw_triangle
                0x00000000045827ac                CopyImage16
                0x000000000458286c                CropImage16
 .text          0x0000000004582968      0xb48 obj/default/graphic_lib/simple_text.o
                0x0000000004582968                seperate_color_channels
                0x00000000045829f8                merge_color_channels
                0x0000000004582a70                read_from_frame
                0x0000000004582bc4                alpha_blending
                0x0000000004582e70                vid_print_char_alpha
                0x0000000004583298                vid_print_string_alpha
                0x0000000004583434                vid_string_pixel_length_alpha
 .text          0x00000000045834b0     0x13a4 obj/default/hello_ucosii.o
                0x00000000045834b0                draw_button
                0x000000000458362c                task2
                0x0000000004584288                init_background
                0x0000000004584654                send_audio_fifo
                0x00000000045846d0                task1
                0x0000000004584774                main
 .text          0x0000000004584854        0x0 obj/default/imagenes/back_down.o
 .text          0x0000000004584854        0x0 obj/default/imagenes/back_up.o
 .text          0x0000000004584854        0x0 obj/default/imagenes/ford_down.o
 .text          0x0000000004584854        0x0 obj/default/imagenes/ford_up.o
 .text          0x0000000004584854        0x0 obj/default/imagenes/pause_down.o
 .text          0x0000000004584854        0x0 obj/default/imagenes/pause_up.o
 .text          0x0000000004584854        0x0 obj/default/imagenes/play_down.o
 .text          0x0000000004584854        0x0 obj/default/imagenes/play_up.o
 .text          0x0000000004584854        0x0 obj/default/imagenes/stop_down.o
 .text          0x0000000004584854        0x0 obj/default/imagenes/stop_up.o
 .text          0x0000000004584854        0x0 obj/default/song/song.o
 .text          0x0000000004584854       0xa0 obj/default/student_code/student_code.o
                0x0000000004584854                handle_lfsr_interrupts
                0x00000000045848ac                init_lfsr_interrupt
 .text          0x00000000045848f4      0x2bc obj/default/vip_fr.o
                0x00000000045848f4                VIPFR_UnInit
                0x0000000004584910                VIPFR_Go
                0x0000000004584920                VIPFR_GetDrawFrame
                0x0000000004584938                VIPFR_ActiveDrawFrame
                0x0000000004584980                DRAW_EraseScreen
                0x00000000045849d0                FrameReader_SetFrame0
                0x00000000045849f8                FrameReader_SetFrame1
                0x0000000004584a20                VIPFR_SetFrameSize
                0x0000000004584aa8                VIPFR_Init
                0x0000000004584b4c                FrameReader_SelectFrame
                0x0000000004584b58                FrameReader_Go
                0x0000000004584b64                VIPFR_ReserveBackground
 .text          0x0000000004584bb0      0x114 c:/altera/14.1/nios2eds/bin/gnu/h-x86_64-mingw32/bin/../lib/gcc/nios2-elf/4.8.3\libgcc.a(lib2-divmod.o)
                0x0000000004584c20                __divsi3
                0x0000000004584c68                __modsi3
                0x0000000004584cb4                __udivsi3
                0x0000000004584cbc                __umodsi3
 .text          0x0000000004584cc4       0x70 c:/altera/14.1/nios2eds/bin/gnu/h-x86_64-mingw32/bin/../lib/gcc/nios2-elf/4.8.3\libgcc.a(fixsfsi.o)
                0x0000000004584cc4                __fixsfsi
 .text          0x0000000004584d34       0x28 c:/altera/14.1/nios2eds/bin/gnu/h-x86_64-mingw32/bin/../lib/gcc/nios2-elf/4.8.3/../../../../../H-x86_64-mingw32/nios2-elf/lib\libc.a(lib_a-malloc.o)
                0x0000000004584d34                malloc
                0x0000000004584d48                free
 .text          0x0000000004584d5c      0x7c4 c:/altera/14.1/nios2eds/bin/gnu/h-x86_64-mingw32/bin/../lib/gcc/nios2-elf/4.8.3/../../../../../H-x86_64-mingw32/nios2-elf/lib\libc.a(lib_a-mallocr.o)
                0x0000000004584d5c                _malloc_r
 .text          0x0000000004585520      0x10c c:/altera/14.1/nios2eds/bin/gnu/h-x86_64-mingw32/bin/../lib/gcc/nios2-elf/4.8.3/../../../../../H-x86_64-mingw32/nios2-elf/lib\libc.a(lib_a-memcpy.o)
                0x0000000004585520                memcpy
 .text          0x000000000458562c      0x114 c:/altera/14.1/nios2eds/bin/gnu/h-x86_64-mingw32/bin/../lib/gcc/nios2-elf/4.8.3/../../../../../H-x86_64-mingw32/nios2-elf/lib\libc.a(lib_a-memset.o)
                0x000000000458562c                memset
 .text          0x0000000004585740       0x68 c:/altera/14.1/nios2eds/bin/gnu/h-x86_64-mingw32/bin/../lib/gcc/nios2-elf/4.8.3/../../../../../H-x86_64-mingw32/nios2-elf/lib\libc.a(lib_a-printf.o)
                0x0000000004585740                _printf_r
                0x000000000458576c                printf
 .text          0x00000000045857a8       0x64 c:/altera/14.1/nios2eds/bin/gnu/h-x86_64-mingw32/bin/../lib/gcc/nios2-elf/4.8.3/../../../../../H-x86_64-mingw32/nios2-elf/lib\libc.a(lib_a-sbrkr.o)
                0x00000000045857a8                _sbrk_r
 .text          0x000000000458580c       0x88 c:/altera/14.1/nios2eds/bin/gnu/h-x86_64-mingw32/bin/../lib/gcc/nios2-elf/4.8.3/../../../../../H-x86_64-mingw32/nios2-elf/lib\libc.a(lib_a-strcpy.o)
                0x000000000458580c                strcpy
 .text          0x0000000004585894       0x8c c:/altera/14.1/nios2eds/bin/gnu/h-x86_64-mingw32/bin/../lib/gcc/nios2-elf/4.8.3/../../../../../H-x86_64-mingw32/nios2-elf/lib\libc.a(lib_a-strlen.o)
                0x0000000004585894                strlen
 .text          0x0000000004585920     0x2000 c:/altera/14.1/nios2eds/bin/gnu/h-x86_64-mingw32/bin/../lib/gcc/nios2-elf/4.8.3/../../../../../H-x86_64-mingw32/nios2-elf/lib\libc.a(lib_a-vfprintf.o)
                0x0000000004585920                ___vfprintf_internal_r
                0x00000000045878fc                __vfprintf_internal
 .text          0x0000000004587920      0x138 c:/altera/14.1/nios2eds/bin/gnu/h-x86_64-mingw32/bin/../lib/gcc/nios2-elf/4.8.3/../../../../../H-x86_64-mingw32/nios2-elf/lib\libc.a(lib_a-wsetup.o)
                0x0000000004587920                __swsetup_r
 .text          0x0000000004587a58     0x1840 c:/altera/14.1/nios2eds/bin/gnu/h-x86_64-mingw32/bin/../lib/gcc/nios2-elf/4.8.3/../../../../../H-x86_64-mingw32/nios2-elf/lib\libc.a(lib_a-dtoa.o)
                0x0000000004587c5c                _dtoa_r
 .text          0x0000000004589298      0x274 c:/altera/14.1/nios2eds/bin/gnu/h-x86_64-mingw32/bin/../lib/gcc/nios2-elf/4.8.3/../../../../../H-x86_64-mingw32/nios2-elf/lib\libc.a(lib_a-fflush.o)
                0x0000000004589298                _fflush_r
                0x00000000045894dc                fflush
 .text          0x000000000458950c      0x390 c:/altera/14.1/nios2eds/bin/gnu/h-x86_64-mingw32/bin/../lib/gcc/nios2-elf/4.8.3/../../../../../H-x86_64-mingw32/nios2-elf/lib\libc.a(lib_a-findfp.o)
                0x000000000458951c                _cleanup_r
                0x0000000004589528                __sfmoreglue
                0x000000000458958c                _cleanup
                0x00000000045895a4                __sinit
                0x0000000004589740                __sfp
                0x000000000458985c                __sfp_lock_acquire
                0x0000000004589860                __sfp_lock_release
                0x0000000004589864                __sinit_lock_acquire
                0x0000000004589868                __sinit_lock_release
                0x000000000458986c                __fp_lock_all
                0x0000000004589884                __fp_unlock_all
 .text          0x000000000458989c      0x40c c:/altera/14.1/nios2eds/bin/gnu/h-x86_64-mingw32/bin/../lib/gcc/nios2-elf/4.8.3/../../../../../H-x86_64-mingw32/nios2-elf/lib\libc.a(lib_a-freer.o)
                0x000000000458989c                _malloc_trim_r
                0x00000000045899d8                _free_r
 .text          0x0000000004589ca8      0x160 c:/altera/14.1/nios2eds/bin/gnu/h-x86_64-mingw32/bin/../lib/gcc/nios2-elf/4.8.3/../../../../../H-x86_64-mingw32/nios2-elf/lib\libc.a(lib_a-fwalk.o)
                0x0000000004589ca8                _fwalk
                0x0000000004589d50                _fwalk_reent
 .text          0x0000000004589e08        0x0 c:/altera/14.1/nios2eds/bin/gnu/h-x86_64-mingw32/bin/../lib/gcc/nios2-elf/4.8.3/../../../../../H-x86_64-mingw32/nios2-elf/lib\libc.a(lib_a-impure.o)
 .text          0x0000000004589e08        0x0 c:/altera/14.1/nios2eds/bin/gnu/h-x86_64-mingw32/bin/../lib/gcc/nios2-elf/4.8.3/../../../../../H-x86_64-mingw32/nios2-elf/lib\libc.a(lib_a-int_errno.o)
 .text          0x0000000004589e08       0xd4 c:/altera/14.1/nios2eds/bin/gnu/h-x86_64-mingw32/bin/../lib/gcc/nios2-elf/4.8.3/../../../../../H-x86_64-mingw32/nios2-elf/lib\libc.a(lib_a-locale.o)
                0x0000000004589e08                _setlocale_r
                0x0000000004589e78                __locale_charset
                0x0000000004589e84                __locale_mb_cur_max
                0x0000000004589e94                __locale_msgcharset
                0x0000000004589ea0                __locale_cjk_lang
                0x0000000004589ea8                _localeconv_r
                0x0000000004589eb4                setlocale
                0x0000000004589ed0                localeconv
 .text          0x0000000004589edc      0x1b4 c:/altera/14.1/nios2eds/bin/gnu/h-x86_64-mingw32/bin/../lib/gcc/nios2-elf/4.8.3/../../../../../H-x86_64-mingw32/nios2-elf/lib\libc.a(lib_a-makebuf.o)
                0x0000000004589edc                __smakebuf_r
 .text          0x000000000458a090       0xe8 c:/altera/14.1/nios2eds/bin/gnu/h-x86_64-mingw32/bin/../lib/gcc/nios2-elf/4.8.3/../../../../../H-x86_64-mingw32/nios2-elf/lib\libc.a(lib_a-memchr.o)
                0x000000000458a090                memchr
 .text          0x000000000458a178      0xf78 c:/altera/14.1/nios2eds/bin/gnu/h-x86_64-mingw32/bin/../lib/gcc/nios2-elf/4.8.3/../../../../../H-x86_64-mingw32/nios2-elf/lib\libc.a(lib_a-mprec.o)
                0x000000000458a178                _Balloc
                0x000000000458a220                _Bfree
                0x000000000458a248                __multadd
                0x000000000458a35c                __s2b
                0x000000000458a460                __hi0bits
                0x000000000458a4c8                __lo0bits
                0x000000000458a578                __i2b
                0x000000000458a5b4                __multiply
                0x000000000458a7a0                __pow5mult
                0x000000000458a8e8                __lshift
                0x000000000458aa38                __mcmp
                0x000000000458aa98                __mdiff
                0x000000000458ac48                __ulp
                0x000000000458aca8                __b2d
                0x000000000458ad98                __d2b
                0x000000000458aedc                __ratio
                0x000000000458af7c                _mprec_log10
                0x000000000458aff0                __copybits
                0x000000000458b068                __any_on
 .text          0x000000000458b0f0       0x68 c:/altera/14.1/nios2eds/bin/gnu/h-x86_64-mingw32/bin/../lib/gcc/nios2-elf/4.8.3/../../../../../H-x86_64-mingw32/nios2-elf/lib\libc.a(lib_a-s_fpclassify.o)
                0x000000000458b0f0                __fpclassifyd
 .text          0x000000000458b158      0x13c c:/altera/14.1/nios2eds/bin/gnu/h-x86_64-mingw32/bin/../lib/gcc/nios2-elf/4.8.3/../../../../../H-x86_64-mingw32/nios2-elf/lib\libc.a(lib_a-stdio.o)
                0x000000000458b158                __sread
                0x000000000458b1ac                __seofread
                0x000000000458b1b4                __swrite
                0x000000000458b230                __sseek
                0x000000000458b28c                __sclose
 .text          0x000000000458b294       0xa4 c:/altera/14.1/nios2eds/bin/gnu/h-x86_64-mingw32/bin/../lib/gcc/nios2-elf/4.8.3/../../../../../H-x86_64-mingw32/nios2-elf/lib\libc.a(lib_a-strcmp.o)
                0x000000000458b294                strcmp
 .text          0x000000000458b338     0x13a8 c:/altera/14.1/nios2eds/bin/gnu/h-x86_64-mingw32/bin/../lib/gcc/nios2-elf/4.8.3/../../../../../H-x86_64-mingw32/nios2-elf/lib\libc.a(lib_a-vfiprintf.o)
                0x000000000458b434                __sprint_r
                0x000000000458b44c                ___vfiprintf_internal_r
                0x000000000458c6bc                __vfiprintf_internal
 .text          0x000000000458c6e0       0x6c c:/altera/14.1/nios2eds/bin/gnu/h-x86_64-mingw32/bin/../lib/gcc/nios2-elf/4.8.3/../../../../../H-x86_64-mingw32/nios2-elf/lib\libc.a(lib_a-writer.o)
                0x000000000458c6e0                _write_r
 .text          0x000000000458c74c       0x64 c:/altera/14.1/nios2eds/bin/gnu/h-x86_64-mingw32/bin/../lib/gcc/nios2-elf/4.8.3/../../../../../H-x86_64-mingw32/nios2-elf/lib\libc.a(closer.o)
                0x000000000458c74c                _close_r
 .text          0x000000000458c7b0       0xc4 c:/altera/14.1/nios2eds/bin/gnu/h-x86_64-mingw32/bin/../lib/gcc/nios2-elf/4.8.3/../../../../../H-x86_64-mingw32/nios2-elf/lib\libc.a(lib_a-callocr.o)
                0x000000000458c7b0                _calloc_r
 .text          0x000000000458c874      0x13c c:/altera/14.1/nios2eds/bin/gnu/h-x86_64-mingw32/bin/../lib/gcc/nios2-elf/4.8.3/../../../../../H-x86_64-mingw32/nios2-elf/lib\libc.a(lib_a-fclose.o)
                0x000000000458c874                _fclose_r
                0x000000000458c99c                fclose
 .text          0x000000000458c9b0      0x1fc c:/altera/14.1/nios2eds/bin/gnu/h-x86_64-mingw32/bin/../lib/gcc/nios2-elf/4.8.3/../../../../../H-x86_64-mingw32/nios2-elf/lib\libc.a(lib_a-fputwc.o)
                0x000000000458c9b0                _fputwc_r
                0x000000000458cb34                fputwc
 .text          0x000000000458cbac       0x68 c:/altera/14.1/nios2eds/bin/gnu/h-x86_64-mingw32/bin/../lib/gcc/nios2-elf/4.8.3/../../../../../H-x86_64-mingw32/nios2-elf/lib\libc.a(lib_a-fstatr.o)
                0x000000000458cbac                _fstat_r
 .text          0x000000000458cc14      0x4ac c:/altera/14.1/nios2eds/bin/gnu/h-x86_64-mingw32/bin/../lib/gcc/nios2-elf/4.8.3/../../../../../H-x86_64-mingw32/nios2-elf/lib\libc.a(lib_a-fvwrite.o)
                0x000000000458cc14                __sfvwrite_r
 .text          0x000000000458d0c0       0x64 c:/altera/14.1/nios2eds/bin/gnu/h-x86_64-mingw32/bin/../lib/gcc/nios2-elf/4.8.3/../../../../../H-x86_64-mingw32/nios2-elf/lib\libc.a(lib_a-isattyr.o)
                0x000000000458d0c0                _isatty_r
 .text          0x000000000458d124       0x6c c:/altera/14.1/nios2eds/bin/gnu/h-x86_64-mingw32/bin/../lib/gcc/nios2-elf/4.8.3/../../../../../H-x86_64-mingw32/nios2-elf/lib\libc.a(lib_a-lseekr.o)
                0x000000000458d124                _lseek_r
 .text          0x000000000458d190      0x13c c:/altera/14.1/nios2eds/bin/gnu/h-x86_64-mingw32/bin/../lib/gcc/nios2-elf/4.8.3/../../../../../H-x86_64-mingw32/nios2-elf/lib\libc.a(lib_a-memmove.o)
                0x000000000458d190                memmove
 .text          0x000000000458d2cc       0x6c c:/altera/14.1/nios2eds/bin/gnu/h-x86_64-mingw32/bin/../lib/gcc/nios2-elf/4.8.3/../../../../../H-x86_64-mingw32/nios2-elf/lib\libc.a(lib_a-readr.o)
                0x000000000458d2cc                _read_r
 .text          0x000000000458d338      0x564 c:/altera/14.1/nios2eds/bin/gnu/h-x86_64-mingw32/bin/../lib/gcc/nios2-elf/4.8.3/../../../../../H-x86_64-mingw32/nios2-elf/lib\libc.a(lib_a-reallocr.o)
                0x000000000458d338                _realloc_r
 .text          0x000000000458d89c      0x19c c:/altera/14.1/nios2eds/bin/gnu/h-x86_64-mingw32/bin/../lib/gcc/nios2-elf/4.8.3/../../../../../H-x86_64-mingw32/nios2-elf/lib\libc.a(lib_a-wbuf.o)
                0x000000000458d89c                __swbuf_r
                0x000000000458da1c                __swbuf
 .text          0x000000000458da38      0x174 c:/altera/14.1/nios2eds/bin/gnu/h-x86_64-mingw32/bin/../lib/gcc/nios2-elf/4.8.3/../../../../../H-x86_64-mingw32/nios2-elf/lib\libc.a(lib_a-wcrtomb.o)
                0x000000000458da38                _wcrtomb_r
                0x000000000458dad4                wcrtomb
 .text          0x000000000458dbac       0x8c c:/altera/14.1/nios2eds/bin/gnu/h-x86_64-mingw32/bin/../lib/gcc/nios2-elf/4.8.3/../../../../../H-x86_64-mingw32/nios2-elf/lib\libc.a(lib_a-wctomb_r.o)
                0x000000000458dbac                __ascii_wctomb
                0x000000000458dbdc                _wctomb_r
 .text          0x000000000458dc38      0x5c4 c:/altera/14.1/nios2eds/bin/gnu/h-x86_64-mingw32/bin/../lib/gcc/nios2-elf/4.8.3\libgcc.a(_udivdi3.o)
                0x000000000458dc38                __udivdi3
 .text          0x000000000458e1fc      0x598 c:/altera/14.1/nios2eds/bin/gnu/h-x86_64-mingw32/bin/../lib/gcc/nios2-elf/4.8.3\libgcc.a(_umoddi3.o)
                0x000000000458e1fc                __umoddi3
 .text          0x000000000458e794      0x87c c:/altera/14.1/nios2eds/bin/gnu/h-x86_64-mingw32/bin/../lib/gcc/nios2-elf/4.8.3\libgcc.a(adddf3.o)
                0x000000000458e794                __adddf3
 .text          0x000000000458f010      0x8d4 c:/altera/14.1/nios2eds/bin/gnu/h-x86_64-mingw32/bin/../lib/gcc/nios2-elf/4.8.3\libgcc.a(divdf3.o)
                0x000000000458f010                __divdf3
 .text          0x000000000458f8e4       0x84 c:/altera/14.1/nios2eds/bin/gnu/h-x86_64-mingw32/bin/../lib/gcc/nios2-elf/4.8.3\libgcc.a(eqdf2.o)
                0x000000000458f8e4                __nedf2
                0x000000000458f8e4                __eqdf2
 .text          0x000000000458f968       0xd8 c:/altera/14.1/nios2eds/bin/gnu/h-x86_64-mingw32/bin/../lib/gcc/nios2-elf/4.8.3\libgcc.a(gedf2.o)
                0x000000000458f968                __gedf2
                0x000000000458f968                __gtdf2
 .text          0x000000000458fa40       0xec c:/altera/14.1/nios2eds/bin/gnu/h-x86_64-mingw32/bin/../lib/gcc/nios2-elf/4.8.3\libgcc.a(ledf2.o)
                0x000000000458fa40                __ledf2
                0x000000000458fa40                __ltdf2
 .text          0x000000000458fb2c      0x6ec c:/altera/14.1/nios2eds/bin/gnu/h-x86_64-mingw32/bin/../lib/gcc/nios2-elf/4.8.3\libgcc.a(muldf3.o)
                0x000000000458fb2c                __muldf3
 .text          0x0000000004590218      0x888 c:/altera/14.1/nios2eds/bin/gnu/h-x86_64-mingw32/bin/../lib/gcc/nios2-elf/4.8.3\libgcc.a(subdf3.o)
                0x0000000004590218                __subdf3
 .text          0x0000000004590aa0       0x80 c:/altera/14.1/nios2eds/bin/gnu/h-x86_64-mingw32/bin/../lib/gcc/nios2-elf/4.8.3\libgcc.a(fixdfsi.o)
                0x0000000004590aa0                __fixdfsi
 .text          0x0000000004590b20       0xd0 c:/altera/14.1/nios2eds/bin/gnu/h-x86_64-mingw32/bin/../lib/gcc/nios2-elf/4.8.3\libgcc.a(floatsidf.o)
                0x0000000004590b20                __floatsidf
 .text          0x0000000004590bf0       0xa0 c:/altera/14.1/nios2eds/bin/gnu/h-x86_64-mingw32/bin/../lib/gcc/nios2-elf/4.8.3\libgcc.a(floatunsidf.o)
                0x0000000004590bf0                __floatunsidf
 .text          0x0000000004590c90        0x0 c:/altera/14.1/nios2eds/bin/gnu/h-x86_64-mingw32/bin/../lib/gcc/nios2-elf/4.8.3\libgcc.a(_clz.o)
 .text          0x0000000004590c90       0xac c:/altera/14.1/nios2eds/bin/gnu/h-x86_64-mingw32/bin/../lib/gcc/nios2-elf/4.8.3\libgcc.a(_clzsi2.o)
                0x0000000004590c90                __clzsi2
 .text          0x0000000004590d3c       0xcc ../lab5_bsp/\libucosii_bsp.a(alt_close.o)
                0x0000000004590d3c                close
 .text          0x0000000004590e08       0x18 ../lab5_bsp/\libucosii_bsp.a(alt_dcache_flush_all.o)
                0x0000000004590e08                alt_dcache_flush_all
 .text          0x0000000004590e20        0x8 ../lab5_bsp/\libucosii_bsp.a(alt_dev.o)
 .text          0x0000000004590e28        0x0 ../lab5_bsp/\libucosii_bsp.a(alt_errno.o)
 .text          0x0000000004590e28       0x78 ../lab5_bsp/\libucosii_bsp.a(alt_fstat.o)
                0x0000000004590e28                fstat
 .text          0x0000000004590ea0       0xb8 ../lab5_bsp/\libucosii_bsp.a(alt_iic.o)
                0x0000000004590ea0                alt_ic_isr_register
                0x0000000004590ec0                alt_ic_irq_enable
                0x0000000004590f00                alt_ic_irq_disable
                0x0000000004590f40                alt_ic_irq_enabled
 .text          0x0000000004590f58       0x6c ../lab5_bsp/\libucosii_bsp.a(alt_iic_isr_register.o)
                0x0000000004590f58                alt_iic_isr_register
 .text          0x0000000004590fc4        0x0 ../lab5_bsp/\libucosii_bsp.a(alt_irq_entry.o)
 .text          0x0000000004590fc4        0x0 ../lab5_bsp/\libucosii_bsp.a(alt_irq_handler.o)
 .text          0x0000000004590fc4        0x0 ../lab5_bsp/\libucosii_bsp.a(alt_irq_vars.o)
 .text          0x0000000004590fc4       0x7c ../lab5_bsp/\libucosii_bsp.a(alt_isatty.o)
                0x0000000004590fc4                isatty
 .text          0x0000000004591040      0x154 ../lab5_bsp/\libucosii_bsp.a(alt_load.o)
                0x0000000004591040                alt_load
 .text          0x0000000004591194       0x8c ../lab5_bsp/\libucosii_bsp.a(alt_lseek.o)
                0x0000000004591194                lseek
 .text          0x0000000004591220       0xa8 ../lab5_bsp/\libucosii_bsp.a(alt_main.o)
                0x0000000004591220                alt_main
 .text          0x00000000045912c8       0xe4 ../lab5_bsp/\libucosii_bsp.a(alt_read.o)
                0x00000000045912c8                read
 .text          0x00000000045913ac       0x24 ../lab5_bsp/\libucosii_bsp.a(alt_release_fd.o)
                0x00000000045913ac                alt_release_fd
 .text          0x00000000045913d0       0x4c ../lab5_bsp/\libucosii_bsp.a(alt_sbrk.o)
                0x00000000045913d0                sbrk
 .text          0x000000000459141c       0xfc ../lab5_bsp/\libucosii_bsp.a(alt_tick.o)
                0x000000000459141c                alt_alarm_stop
                0x0000000004591454                alt_tick
 .text          0x0000000004591518       0xe0 ../lab5_bsp/\libucosii_bsp.a(alt_write.o)
                0x0000000004591518                write
 .text          0x00000000045915f8       0xb8 ../lab5_bsp/\libucosii_bsp.a(alt_env_lock.o)
                0x00000000045915f8                __env_lock
                0x0000000004591678                __env_unlock
 .text          0x00000000045916b0      0x120 ../lab5_bsp/\libucosii_bsp.a(alt_malloc_lock.o)
                0x00000000045916b0                __malloc_lock
                0x000000000459175c                __malloc_unlock
 .text          0x00000000045917d0     0x11e4 ../lab5_bsp/\libucosii_bsp.a(os_core.o)
                0x000000000459180c                OS_TaskIdle
                0x0000000004591840                OSIntEnter
                0x000000000459187c                OSIntExit
                0x0000000004591928                OSSchedLock
                0x000000000459196c                OSStart
                0x00000000045919bc                OSStatInit
                0x0000000004591a1c                OSTimeTick
                0x0000000004591b3c                OSVersion
                0x0000000004591b44                OS_Dummy
                0x0000000004591b48                OS_EventTaskWait
                0x0000000004591bb8                OS_EventTaskWaitMulti
                0x0000000004591c40                OS_EventTaskRemove
                0x0000000004591c7c                OS_EventTaskRemoveMulti
                0x0000000004591cd0                OS_EventTaskRdy
                0x0000000004591dc0                OS_EventWaitListInit
                0x0000000004591dd4                OS_MemClr
                0x0000000004591e00                OSInit
                0x0000000004592020                OS_MemCopy
                0x0000000004592054                OS_Sched
                0x00000000045920e0                OSEventPendMulti
                0x0000000004592484                OSSchedUnlock
                0x00000000045924fc                OS_StrCopy
                0x0000000004592544                OSEventNameGet
                0x0000000004592600                OS_StrLen
                0x0000000004592628                OSEventNameSet
                0x0000000004592704                OS_TaskStatStkChk
                0x0000000004592798                OS_TaskStat
                0x0000000004592830                OS_TCBInit
 .text          0x00000000045929b4        0x4 ../lab5_bsp/\libucosii_bsp.a(os_dbg.o)
                0x00000000045929b4                OSDebugInit
 .text          0x00000000045929b8      0xde0 ../lab5_bsp/\libucosii_bsp.a(os_flag.o)
                0x0000000004592a64                OSFlagAccept
                0x0000000004592bf8                OSFlagCreate
                0x0000000004592c90                OSFlagNameGet
                0x0000000004592d54                OSFlagNameSet
                0x0000000004592e38                OSFlagPendGetFlagsRdy
                0x0000000004592e60                OSFlagQuery
                0x0000000004592ebc                OS_FlagInit
                0x0000000004592f50                OS_FlagUnlink
                0x0000000004593018                OSFlagDel
                0x0000000004593190                OSFlagPost
                0x00000000045933f0                OSFlagPend
 .text          0x0000000004593798      0x448 ../lab5_bsp/\libucosii_bsp.a(os_mem.o)
                0x0000000004593798                OSMemCreate
                0x00000000045938b0                OSMemGet
                0x000000000459391c                OSMemNameGet
                0x00000000045939c0                OSMemNameSet
                0x0000000004593a88                OSMemPut
                0x0000000004593aec                OSMemQuery
                0x0000000004593b58                OS_MemInit
 .text          0x0000000004593be0      0xa78 ../lab5_bsp/\libucosii_bsp.a(os_q.o)
                0x0000000004593be0                OSQAccept
                0x0000000004593c80                OSQCreate
                0x0000000004593d90                OSQDel
                0x0000000004593f44                OSQFlush
                0x0000000004593f94                OSQPend
                0x000000000459414c                OSQPendAbort
                0x0000000004594260                OSQPost
                0x0000000004594328                OSQPostFront
                0x00000000045943f0                OSQPostOpt
                0x0000000004594558                OSQQuery
                0x00000000045945f8                OS_QInit
 .text          0x0000000004594658      0x66c ../lab5_bsp/\libucosii_bsp.a(os_sem.o)
                0x0000000004594658                OSSemAccept
                0x00000000045946a4                OSSemCreate
                0x0000000004594738                OSSemDel
                0x00000000045948bc                OSSemPend
                0x0000000004594a24                OSSemPendAbort
                0x0000000004594b38                OSSemPost
                0x0000000004594bdc                OSSemQuery
                0x0000000004594c54                OSSemSet
 .text          0x0000000004594cc4      0xfac ../lab5_bsp/\libucosii_bsp.a(os_task.o)
                0x0000000004594cc4                OSTaskChangePrio
                0x0000000004594f7c                OSTaskCreate
                0x00000000045950a0                OSTaskDel
                0x000000000459533c                OSTaskDelReq
                0x000000000459540c                OSTaskNameGet
                0x0000000004595528                OSTaskNameSet
                0x0000000004595660                OSTaskResume
                0x000000000459578c                OSTaskStkChk
                0x0000000004595894                OSTaskSuspend
                0x00000000045959f8                OSTaskQuery
                0x0000000004595ac4                OS_TaskStkClr
                0x0000000004595ae8                OSTaskCreateExt
 .text          0x0000000004595c70      0x320 ../lab5_bsp/\libucosii_bsp.a(os_time.o)
                0x0000000004595c70                OSTimeDly
                0x0000000004595d0c                OSTimeDlyHMSM
                0x0000000004595e30                OSTimeDlyResume
                0x0000000004595f48                OSTimeGet
                0x0000000004595f6c                OSTimeSet
 .text          0x0000000004595f90       0x7c ../lab5_bsp/\libucosii_bsp.a(alt_sys_init.o)
                0x0000000004595f90                alt_irq_init
                0x0000000004595fb0                alt_sys_init
 .text          0x000000000459600c       0x98 ../lab5_bsp/\libucosii_bsp.a(altera_avalon_jtag_uart_fd.o)
                0x000000000459600c                altera_avalon_jtag_uart_read_fd
                0x0000000004596034                altera_avalon_jtag_uart_write_fd
                0x000000000459605c                altera_avalon_jtag_uart_close_fd
                0x0000000004596084                altera_avalon_jtag_uart_ioctl_fd
 .text          0x00000000045960a4      0x344 ../lab5_bsp/\libucosii_bsp.a(altera_avalon_jtag_uart_init.o)
                0x00000000045962e4                altera_avalon_jtag_uart_init
                0x00000000045963ac                altera_avalon_jtag_uart_close
 .text          0x00000000045963e8       0x88 ../lab5_bsp/\libucosii_bsp.a(altera_avalon_jtag_uart_ioctl.o)
                0x00000000045963e8                altera_avalon_jtag_uart_ioctl
 .text          0x0000000004596470      0x1bc ../lab5_bsp/\libucosii_bsp.a(altera_avalon_jtag_uart_read.o)
                0x0000000004596470                altera_avalon_jtag_uart_read
 .text          0x000000000459662c      0x1e4 ../lab5_bsp/\libucosii_bsp.a(altera_avalon_jtag_uart_write.o)
                0x000000000459662c                altera_avalon_jtag_uart_write
 .text          0x0000000004596810       0x94 ../lab5_bsp/\libucosii_bsp.a(altera_avalon_timer_sc.o)
                0x000000000459684c                alt_avalon_timer_sc_init
 .text          0x00000000045968a4       0x94 ../lab5_bsp/\libucosii_bsp.a(alt_alarm_start.o)
                0x00000000045968a4                alt_alarm_start
 .text          0x0000000004596938       0x80 ../lab5_bsp/\libucosii_bsp.a(alt_dev_llist_insert.o)
                0x0000000004596938                alt_dev_llist_insert
 .text          0x00000000045969b8       0x68 ../lab5_bsp/\libucosii_bsp.a(alt_do_ctors.o)
                0x00000000045969b8                _do_ctors
 .text          0x0000000004596a20       0x68 ../lab5_bsp/\libucosii_bsp.a(alt_do_dtors.o)
                0x0000000004596a20                _do_dtors
 .text          0x0000000004596a88        0x0 ../lab5_bsp/\libucosii_bsp.a(alt_exception_entry.o)
 .text          0x0000000004596a88       0x20 ../lab5_bsp/\libucosii_bsp.a(alt_icache_flush_all.o)
                0x0000000004596a88                alt_icache_flush_all
 .text          0x0000000004596aa8       0xfc ../lab5_bsp/\libucosii_bsp.a(alt_io_redirect.o)
                0x0000000004596b0c                alt_io_redirect
 .text          0x0000000004596ba4      0x180 ../lab5_bsp/\libucosii_bsp.a(alt_open.o)
                0x0000000004596ba4                open
 .text          0x0000000004596d24        0x8 ../lab5_bsp/\libucosii_bsp.a(altera_nios2_qsys_irq.o)
                0x0000000004596d24                altera_nios2_qsys_irq_init
 .text          0x0000000004596d2c       0xd0 ../lab5_bsp/\libucosii_bsp.a(os_cpu_a.o)
                0x0000000004596d2c                OSCtxSw
                0x0000000004596d2c                OSIntCtxSw
                0x0000000004596db8                OSStartHighRdy
                0x0000000004596dd8                OSStartTsk
 .text          0x0000000004596dfc      0x1ec ../lab5_bsp/\libucosii_bsp.a(os_cpu_c.o)
                0x0000000004596dfc                OSTaskStkInit
                0x0000000004596fc4                OSTaskCreateHook
                0x0000000004596fc8                OSTaskDelHook
                0x0000000004596fcc                OSTaskSwHook
                0x0000000004596fd0                OSTaskStatHook
                0x0000000004596fd4                OSTimeTickHook
                0x0000000004596fd8                OSInitHookBegin
                0x0000000004596fdc                OSInitHookEnd
                0x0000000004596fe0                OSTaskIdleHook
                0x0000000004596fe4                OSTCBInitHook
 .text          0x0000000004596fe8       0x80 ../lab5_bsp/\libucosii_bsp.a(alt_find_dev.o)
                0x0000000004596fe8                alt_find_dev
 .text          0x0000000004597068       0xc8 ../lab5_bsp/\libucosii_bsp.a(alt_find_file.o)
                0x0000000004597068                alt_find_file
 .text          0x0000000004597130       0xcc ../lab5_bsp/\libucosii_bsp.a(alt_get_fd.o)
                0x0000000004597130                alt_get_fd
 .text          0x00000000045971fc       0x58 ../lab5_bsp/\libucosii_bsp.a(alt_icache_flush.o)
                0x00000000045971fc                alt_icache_flush
 .text          0x0000000004597254       0x14 c:/altera/14.1/nios2eds/bin/gnu/h-x86_64-mingw32/bin/../lib/gcc/nios2-elf/4.8.3/../../../../../H-x86_64-mingw32/nios2-elf/lib\libc.a(lib_a-atexit.o)
                0x0000000004597254                atexit
 .text          0x0000000004597268       0x38 c:/altera/14.1/nios2eds/bin/gnu/h-x86_64-mingw32/bin/../lib/gcc/nios2-elf/4.8.3/../../../../../H-x86_64-mingw32/nios2-elf/lib\libc.a(lib_a-exit.o)
                0x0000000004597268                exit
 .text          0x00000000045972a0       0x7c c:/altera/14.1/nios2eds/bin/gnu/h-x86_64-mingw32/bin/../lib/gcc/nios2-elf/4.8.3/../../../../../H-x86_64-mingw32/nios2-elf/lib\libc.a(lib_a-memcmp.o)
                0x00000000045972a0                memcmp
 .text          0x000000000459731c      0x11c c:/altera/14.1/nios2eds/bin/gnu/h-x86_64-mingw32/bin/../lib/gcc/nios2-elf/4.8.3/../../../../../H-x86_64-mingw32/nios2-elf/lib\libc.a(lib_a-__atexit.o)
                0x000000000459731c                __register_exitproc
 .text          0x0000000004597438      0x1a4 c:/altera/14.1/nios2eds/bin/gnu/h-x86_64-mingw32/bin/../lib/gcc/nios2-elf/4.8.3/../../../../../H-x86_64-mingw32/nios2-elf/lib\libc.a(lib_a-__call_atexit.o)
                0x0000000004597438                __call_exitprocs
 .text          0x00000000045975dc       0x20 ../lab5_bsp/\libucosii_bsp.a(alt_exit.o)
                0x00000000045975dc                _exit
 *(.gnu.warning.*)
 *(.fini)
                0x00000000045975fc                PROVIDE (__etext, ABSOLUTE (.))
                0x00000000045975fc                PROVIDE (_etext, ABSOLUTE (.))
                0x00000000045975fc                PROVIDE (etext, ABSOLUTE (.))
 *(.eh_frame_hdr)
                0x00000000045975fc                . = ALIGN (0x4)
                0x00000000045975fc                PROVIDE (__preinit_array_start, ABSOLUTE (.))
 *(.preinit_array)
                0x00000000045975fc                PROVIDE (__preinit_array_end, ABSOLUTE (.))
                0x00000000045975fc                PROVIDE (__init_array_start, ABSOLUTE (.))
 *(.init_array)
                0x00000000045975fc                PROVIDE (__init_array_end, ABSOLUTE (.))
                0x00000000045975fc                PROVIDE (__fini_array_start, ABSOLUTE (.))
 *(.fini_array)
                0x00000000045975fc                PROVIDE (__fini_array_end, ABSOLUTE (.))
 *(.eh_frame)
 *(.gcc_except_table .gcc_except_table.*)
 *(.dynamic)
                0x00000000045975fc                PROVIDE (__CTOR_LIST__, ABSOLUTE (.))
 *(.ctors)
 *(SORT(.ctors.*))
                0x00000000045975fc                PROVIDE (__CTOR_END__, ABSOLUTE (.))
                0x00000000045975fc                PROVIDE (__DTOR_LIST__, ABSOLUTE (.))
 *(.dtors)
 *(SORT(.dtors.*))
                0x00000000045975fc                PROVIDE (__DTOR_END__, ABSOLUTE (.))
 *(.jcr)
                0x00000000045975fc                . = ALIGN (0x4)

.rodata         0x00000000045975fc   0x1973b8
                0x00000000045975fc                PROVIDE (__ram_rodata_start, ABSOLUTE (.))
                0x00000000045975fc                . = ALIGN (0x4)
 *(.rodata .rodata.* .gnu.linkonce.r.*)
 .rodata        0x00000000045975fc     0x77f2 obj/default/fonts/tahomabold_20.o
 .rodata        0x000000000459edee    0x12520 obj/default/fonts/tahomabold_32.o
 *fill*         0x00000000045b130e        0x2 
 .rodata.str1.4
                0x00000000045b1310        0xe obj/default/graphic_lib/draw_gimps.o
                                         0x10 (size before relaxing)
 *fill*         0x00000000045b131e        0x2 
 .rodata.str1.4
                0x00000000045b1320       0x2f obj/default/hello_ucosii.o
                                         0x30 (size before relaxing)
 *fill*         0x00000000045b134f        0x1 
 .rodata        0x00000000045b1350     0x28cc obj/default/imagenes/back_down.o
                0x00000000045b1350                back_down
 .rodata        0x00000000045b3c1c     0x28cc obj/default/imagenes/back_up.o
                0x00000000045b3c1c                back_up
 .rodata        0x00000000045b64e8     0x28cc obj/default/imagenes/ford_down.o
                0x00000000045b64e8                ford_down
 .rodata        0x00000000045b8db4     0x28cc obj/default/imagenes/ford_up.o
                0x00000000045b8db4                ford_up
 .rodata        0x00000000045bb680     0x8dd0 obj/default/imagenes/pause_down.o
                0x00000000045bb680                pause_down
 .rodata        0x00000000045c4450     0x8dd0 obj/default/imagenes/pause_up.o
                0x00000000045c4450                pause_up
 .rodata        0x00000000045cd220     0x7820 obj/default/imagenes/play_down.o
                0x00000000045cd220                play_down
 .rodata        0x00000000045d4a40     0x7820 obj/default/imagenes/play_up.o
                0x00000000045d4a40                play_up
 .rodata        0x00000000045dc260     0x7f88 obj/default/imagenes/stop_down.o
                0x00000000045dc260                stop_down
 .rodata        0x00000000045e41e8     0x7f88 obj/default/imagenes/stop_up.o
                0x00000000045e41e8                stop_up
 .rodata        0x00000000045ec170   0x142440 obj/default/song/song.o
                0x00000000045ec170                song
 .rodata.str1.4
                0x000000000472e5b0       0x42 c:/altera/14.1/nios2eds/bin/gnu/h-x86_64-mingw32/bin/../lib/gcc/nios2-elf/4.8.3/../../../../../H-x86_64-mingw32/nios2-elf/lib\libc.a(lib_a-vfprintf.o)
                                         0x44 (size before relaxing)
 .rodata        0x000000000472e5f2       0x20 c:/altera/14.1/nios2eds/bin/gnu/h-x86_64-mingw32/bin/../lib/gcc/nios2-elf/4.8.3/../../../../../H-x86_64-mingw32/nios2-elf/lib\libc.a(lib_a-vfprintf.o)
 *fill*         0x000000000472e612        0x2 
 .rodata.str1.4
                0x000000000472e614       0x10 c:/altera/14.1/nios2eds/bin/gnu/h-x86_64-mingw32/bin/../lib/gcc/nios2-elf/4.8.3/../../../../../H-x86_64-mingw32/nios2-elf/lib\libc.a(lib_a-dtoa.o)
                                         0x14 (size before relaxing)
 .rodata.str1.4
                0x000000000472e624        0x2 c:/altera/14.1/nios2eds/bin/gnu/h-x86_64-mingw32/bin/../lib/gcc/nios2-elf/4.8.3/../../../../../H-x86_64-mingw32/nios2-elf/lib\libc.a(lib_a-impure.o)
                                          0x4 (size before relaxing)
 *fill*         0x000000000472e626        0x2 
 .rodata.str1.4
                0x000000000472e628        0xa c:/altera/14.1/nios2eds/bin/gnu/h-x86_64-mingw32/bin/../lib/gcc/nios2-elf/4.8.3/../../../../../H-x86_64-mingw32/nios2-elf/lib\libc.a(lib_a-locale.o)
                                         0x14 (size before relaxing)
 *fill*         0x000000000472e632        0x2 
 .rodata        0x000000000472e634      0x124 c:/altera/14.1/nios2eds/bin/gnu/h-x86_64-mingw32/bin/../lib/gcc/nios2-elf/4.8.3/../../../../../H-x86_64-mingw32/nios2-elf/lib\libc.a(lib_a-mprec.o)
                0x000000000472e640                __mprec_tinytens
                0x000000000472e668                __mprec_bigtens
                0x000000000472e690                __mprec_tens
 .rodata.str1.4
                0x0000000000000000       0x30 c:/altera/14.1/nios2eds/bin/gnu/h-x86_64-mingw32/bin/../lib/gcc/nios2-elf/4.8.3/../../../../../H-x86_64-mingw32/nios2-elf/lib\libc.a(lib_a-vfiprintf.o)
 .rodata        0x000000000472e758       0x20 c:/altera/14.1/nios2eds/bin/gnu/h-x86_64-mingw32/bin/../lib/gcc/nios2-elf/4.8.3/../../../../../H-x86_64-mingw32/nios2-elf/lib\libc.a(lib_a-vfiprintf.o)
 .rodata        0x000000000472e778      0x100 c:/altera/14.1/nios2eds/bin/gnu/h-x86_64-mingw32/bin/../lib/gcc/nios2-elf/4.8.3\libgcc.a(_clz.o)
                0x000000000472e778                __clz_tab
 .rodata.str1.4
                0x000000000472e878        0xa ../lab5_bsp/\libucosii_bsp.a(alt_dev.o)
                                          0xc (size before relaxing)
 *fill*         0x000000000472e882        0x2 
 .rodata.str1.4
                0x000000000472e884        0xf ../lab5_bsp/\libucosii_bsp.a(alt_main.o)
                                         0x10 (size before relaxing)
 *fill*         0x000000000472e893        0x1 
 .rodata.str1.4
                0x000000000472e894       0x20 ../lab5_bsp/\libucosii_bsp.a(os_core.o)
 .rodata        0x000000000472e8b4      0x100 ../lab5_bsp/\libucosii_bsp.a(os_core.o)
                0x000000000472e8b4                OSUnMapTbl
 .rodata.str1.4
                0x0000000000000000       0x10 ../lab5_bsp/\libucosii_bsp.a(alt_sys_init.o)
 .rodata.str1.4
                0x0000000000000000        0x4 ../lab5_bsp/\libucosii_bsp.a(os_cpu_c.o)
 *(.rodata1)
                0x000000000472e9b4                . = ALIGN (0x4)
                0x000000000472e9b4                PROVIDE (__ram_rodata_end, ABSOLUTE (.))
                0x00000000045975fc                PROVIDE (__flash_rodata_start, LOADADDR (.rodata))

.rwdata         0x000000000472e9b4     0x3718 load address 0x00000000047320cc
                0x000000000472e9b4                PROVIDE (__ram_rwdata_start, ABSOLUTE (.))
                0x000000000472e9b4                . = ALIGN (0x4)
 *(.got.plt)
 *(.got)
 *(.data1)
 *(.data .data.* .gnu.linkonce.d.*)
 .data          0x000000000472e9b4        0x0 ../lab5_bsp//obj/HAL/src/crt0.o
 .data          0x000000000472e9b4        0x0 obj/default/drivers/drivers.o
 .data          0x000000000472e9b4      0xbc0 obj/default/fonts/tahomabold_20.o
                0x000000000472e9b4                tahomabold_20
 .data          0x000000000472f574      0xbc0 obj/default/fonts/tahomabold_32.o
                0x000000000472f574                tahomabold_32
 .data          0x0000000004730134        0x0 obj/default/frame.o
 .data          0x0000000004730134        0x0 obj/default/graphic_lib/draw_gimps.o
 .data          0x0000000004730134        0x0 obj/default/graphic_lib/gimp_bmp.o
 .data          0x0000000004730134      0x415 obj/default/graphic_lib/simple_graphics.o
                0x0000000004730134                cour10_font_array
 .data          0x0000000004730549        0x0 obj/default/graphic_lib/simple_text.o
 .data          0x0000000004730549        0x0 obj/default/hello_ucosii.o
 .data          0x0000000004730549        0x0 obj/default/imagenes/back_down.o
 .data          0x0000000004730549        0x0 obj/default/imagenes/back_up.o
 .data          0x0000000004730549        0x0 obj/default/imagenes/ford_down.o
 .data          0x0000000004730549        0x0 obj/default/imagenes/ford_up.o
 .data          0x0000000004730549        0x0 obj/default/imagenes/pause_down.o
 .data          0x0000000004730549        0x0 obj/default/imagenes/pause_up.o
 .data          0x0000000004730549        0x0 obj/default/imagenes/play_down.o
 .data          0x0000000004730549        0x0 obj/default/imagenes/play_up.o
 .data          0x0000000004730549        0x0 obj/default/imagenes/stop_down.o
 .data          0x0000000004730549        0x0 obj/default/imagenes/stop_up.o
 .data          0x0000000004730549        0x0 obj/default/song/song.o
 .data          0x0000000004730549        0x0 obj/default/student_code/student_code.o
 .data          0x0000000004730549        0x0 obj/default/vip_fr.o
 .data          0x0000000004730549        0x0 c:/altera/14.1/nios2eds/bin/gnu/h-x86_64-mingw32/bin/../lib/gcc/nios2-elf/4.8.3\libgcc.a(lib2-divmod.o)
 .data          0x0000000004730549        0x0 c:/altera/14.1/nios2eds/bin/gnu/h-x86_64-mingw32/bin/../lib/gcc/nios2-elf/4.8.3\libgcc.a(fixsfsi.o)
 .data          0x0000000004730549        0x0 c:/altera/14.1/nios2eds/bin/gnu/h-x86_64-mingw32/bin/../lib/gcc/nios2-elf/4.8.3/../../../../../H-x86_64-mingw32/nios2-elf/lib\libc.a(lib_a-malloc.o)
 *fill*         0x0000000004730549        0x3 
 .data          0x000000000473054c      0x408 c:/altera/14.1/nios2eds/bin/gnu/h-x86_64-mingw32/bin/../lib/gcc/nios2-elf/4.8.3/../../../../../H-x86_64-mingw32/nios2-elf/lib\libc.a(lib_a-mallocr.o)
                0x000000000473054c                __malloc_av_
 .data          0x0000000004730954        0x0 c:/altera/14.1/nios2eds/bin/gnu/h-x86_64-mingw32/bin/../lib/gcc/nios2-elf/4.8.3/../../../../../H-x86_64-mingw32/nios2-elf/lib\libc.a(lib_a-memcpy.o)
 .data          0x0000000004730954        0x0 c:/altera/14.1/nios2eds/bin/gnu/h-x86_64-mingw32/bin/../lib/gcc/nios2-elf/4.8.3/../../../../../H-x86_64-mingw32/nios2-elf/lib\libc.a(lib_a-memset.o)
 .data          0x0000000004730954        0x0 c:/altera/14.1/nios2eds/bin/gnu/h-x86_64-mingw32/bin/../lib/gcc/nios2-elf/4.8.3/../../../../../H-x86_64-mingw32/nios2-elf/lib\libc.a(lib_a-printf.o)
 .data          0x0000000004730954        0x0 c:/altera/14.1/nios2eds/bin/gnu/h-x86_64-mingw32/bin/../lib/gcc/nios2-elf/4.8.3/../../../../../H-x86_64-mingw32/nios2-elf/lib\libc.a(lib_a-sbrkr.o)
 .data          0x0000000004730954        0x0 c:/altera/14.1/nios2eds/bin/gnu/h-x86_64-mingw32/bin/../lib/gcc/nios2-elf/4.8.3/../../../../../H-x86_64-mingw32/nios2-elf/lib\libc.a(lib_a-strcpy.o)
 .data          0x0000000004730954        0x0 c:/altera/14.1/nios2eds/bin/gnu/h-x86_64-mingw32/bin/../lib/gcc/nios2-elf/4.8.3/../../../../../H-x86_64-mingw32/nios2-elf/lib\libc.a(lib_a-strlen.o)
 .data          0x0000000004730954        0x0 c:/altera/14.1/nios2eds/bin/gnu/h-x86_64-mingw32/bin/../lib/gcc/nios2-elf/4.8.3/../../../../../H-x86_64-mingw32/nios2-elf/lib\libc.a(lib_a-vfprintf.o)
 .data          0x0000000004730954        0x0 c:/altera/14.1/nios2eds/bin/gnu/h-x86_64-mingw32/bin/../lib/gcc/nios2-elf/4.8.3/../../../../../H-x86_64-mingw32/nios2-elf/lib\libc.a(lib_a-wsetup.o)
 .data          0x0000000004730954        0x0 c:/altera/14.1/nios2eds/bin/gnu/h-x86_64-mingw32/bin/../lib/gcc/nios2-elf/4.8.3/../../../../../H-x86_64-mingw32/nios2-elf/lib\libc.a(lib_a-dtoa.o)
 .data          0x0000000004730954        0x0 c:/altera/14.1/nios2eds/bin/gnu/h-x86_64-mingw32/bin/../lib/gcc/nios2-elf/4.8.3/../../../../../H-x86_64-mingw32/nios2-elf/lib\libc.a(lib_a-fflush.o)
 .data          0x0000000004730954        0x0 c:/altera/14.1/nios2eds/bin/gnu/h-x86_64-mingw32/bin/../lib/gcc/nios2-elf/4.8.3/../../../../../H-x86_64-mingw32/nios2-elf/lib\libc.a(lib_a-findfp.o)
 .data          0x0000000004730954        0x0 c:/altera/14.1/nios2eds/bin/gnu/h-x86_64-mingw32/bin/../lib/gcc/nios2-elf/4.8.3/../../../../../H-x86_64-mingw32/nios2-elf/lib\libc.a(lib_a-freer.o)
 .data          0x0000000004730954        0x0 c:/altera/14.1/nios2eds/bin/gnu/h-x86_64-mingw32/bin/../lib/gcc/nios2-elf/4.8.3/../../../../../H-x86_64-mingw32/nios2-elf/lib\libc.a(lib_a-fwalk.o)
 .data          0x0000000004730954      0x424 c:/altera/14.1/nios2eds/bin/gnu/h-x86_64-mingw32/bin/../lib/gcc/nios2-elf/4.8.3/../../../../../H-x86_64-mingw32/nios2-elf/lib\libc.a(lib_a-impure.o)
 .data          0x0000000004730d78        0x0 c:/altera/14.1/nios2eds/bin/gnu/h-x86_64-mingw32/bin/../lib/gcc/nios2-elf/4.8.3/../../../../../H-x86_64-mingw32/nios2-elf/lib\libc.a(lib_a-int_errno.o)
 .data          0x0000000004730d78       0x78 c:/altera/14.1/nios2eds/bin/gnu/h-x86_64-mingw32/bin/../lib/gcc/nios2-elf/4.8.3/../../../../../H-x86_64-mingw32/nios2-elf/lib\libc.a(lib_a-locale.o)
 .data          0x0000000004730df0        0x0 c:/altera/14.1/nios2eds/bin/gnu/h-x86_64-mingw32/bin/../lib/gcc/nios2-elf/4.8.3/../../../../../H-x86_64-mingw32/nios2-elf/lib\libc.a(lib_a-makebuf.o)
 .data          0x0000000004730df0        0x0 c:/altera/14.1/nios2eds/bin/gnu/h-x86_64-mingw32/bin/../lib/gcc/nios2-elf/4.8.3/../../../../../H-x86_64-mingw32/nios2-elf/lib\libc.a(lib_a-memchr.o)
 .data          0x0000000004730df0        0x0 c:/altera/14.1/nios2eds/bin/gnu/h-x86_64-mingw32/bin/../lib/gcc/nios2-elf/4.8.3/../../../../../H-x86_64-mingw32/nios2-elf/lib\libc.a(lib_a-mprec.o)
 .data          0x0000000004730df0        0x0 c:/altera/14.1/nios2eds/bin/gnu/h-x86_64-mingw32/bin/../lib/gcc/nios2-elf/4.8.3/../../../../../H-x86_64-mingw32/nios2-elf/lib\libc.a(lib_a-s_fpclassify.o)
 .data          0x0000000004730df0        0x0 c:/altera/14.1/nios2eds/bin/gnu/h-x86_64-mingw32/bin/../lib/gcc/nios2-elf/4.8.3/../../../../../H-x86_64-mingw32/nios2-elf/lib\libc.a(lib_a-stdio.o)
 .data          0x0000000004730df0        0x0 c:/altera/14.1/nios2eds/bin/gnu/h-x86_64-mingw32/bin/../lib/gcc/nios2-elf/4.8.3/../../../../../H-x86_64-mingw32/nios2-elf/lib\libc.a(lib_a-strcmp.o)
 .data          0x0000000004730df0        0x0 c:/altera/14.1/nios2eds/bin/gnu/h-x86_64-mingw32/bin/../lib/gcc/nios2-elf/4.8.3/../../../../../H-x86_64-mingw32/nios2-elf/lib\libc.a(lib_a-vfiprintf.o)
 .data          0x0000000004730df0        0x0 c:/altera/14.1/nios2eds/bin/gnu/h-x86_64-mingw32/bin/../lib/gcc/nios2-elf/4.8.3/../../../../../H-x86_64-mingw32/nios2-elf/lib\libc.a(lib_a-writer.o)
 .data          0x0000000004730df0        0x0 c:/altera/14.1/nios2eds/bin/gnu/h-x86_64-mingw32/bin/../lib/gcc/nios2-elf/4.8.3/../../../../../H-x86_64-mingw32/nios2-elf/lib\libc.a(closer.o)
 .data          0x0000000004730df0        0x0 c:/altera/14.1/nios2eds/bin/gnu/h-x86_64-mingw32/bin/../lib/gcc/nios2-elf/4.8.3/../../../../../H-x86_64-mingw32/nios2-elf/lib\libc.a(lib_a-callocr.o)
 .data          0x0000000004730df0        0x0 c:/altera/14.1/nios2eds/bin/gnu/h-x86_64-mingw32/bin/../lib/gcc/nios2-elf/4.8.3/../../../../../H-x86_64-mingw32/nios2-elf/lib\libc.a(lib_a-fclose.o)
 .data          0x0000000004730df0        0x0 c:/altera/14.1/nios2eds/bin/gnu/h-x86_64-mingw32/bin/../lib/gcc/nios2-elf/4.8.3/../../../../../H-x86_64-mingw32/nios2-elf/lib\libc.a(lib_a-fputwc.o)
 .data          0x0000000004730df0        0x0 c:/altera/14.1/nios2eds/bin/gnu/h-x86_64-mingw32/bin/../lib/gcc/nios2-elf/4.8.3/../../../../../H-x86_64-mingw32/nios2-elf/lib\libc.a(lib_a-fstatr.o)
 .data          0x0000000004730df0        0x0 c:/altera/14.1/nios2eds/bin/gnu/h-x86_64-mingw32/bin/../lib/gcc/nios2-elf/4.8.3/../../../../../H-x86_64-mingw32/nios2-elf/lib\libc.a(lib_a-fvwrite.o)
 .data          0x0000000004730df0        0x0 c:/altera/14.1/nios2eds/bin/gnu/h-x86_64-mingw32/bin/../lib/gcc/nios2-elf/4.8.3/../../../../../H-x86_64-mingw32/nios2-elf/lib\libc.a(lib_a-isattyr.o)
 .data          0x0000000004730df0        0x0 c:/altera/14.1/nios2eds/bin/gnu/h-x86_64-mingw32/bin/../lib/gcc/nios2-elf/4.8.3/../../../../../H-x86_64-mingw32/nios2-elf/lib\libc.a(lib_a-lseekr.o)
 .data          0x0000000004730df0        0x0 c:/altera/14.1/nios2eds/bin/gnu/h-x86_64-mingw32/bin/../lib/gcc/nios2-elf/4.8.3/../../../../../H-x86_64-mingw32/nios2-elf/lib\libc.a(lib_a-memmove.o)
 .data          0x0000000004730df0        0x0 c:/altera/14.1/nios2eds/bin/gnu/h-x86_64-mingw32/bin/../lib/gcc/nios2-elf/4.8.3/../../../../../H-x86_64-mingw32/nios2-elf/lib\libc.a(lib_a-readr.o)
 .data          0x0000000004730df0        0x0 c:/altera/14.1/nios2eds/bin/gnu/h-x86_64-mingw32/bin/../lib/gcc/nios2-elf/4.8.3/../../../../../H-x86_64-mingw32/nios2-elf/lib\libc.a(lib_a-reallocr.o)
 .data          0x0000000004730df0        0x0 c:/altera/14.1/nios2eds/bin/gnu/h-x86_64-mingw32/bin/../lib/gcc/nios2-elf/4.8.3/../../../../../H-x86_64-mingw32/nios2-elf/lib\libc.a(lib_a-wbuf.o)
 .data          0x0000000004730df0        0x0 c:/altera/14.1/nios2eds/bin/gnu/h-x86_64-mingw32/bin/../lib/gcc/nios2-elf/4.8.3/../../../../../H-x86_64-mingw32/nios2-elf/lib\libc.a(lib_a-wcrtomb.o)
 .data          0x0000000004730df0        0x0 c:/altera/14.1/nios2eds/bin/gnu/h-x86_64-mingw32/bin/../lib/gcc/nios2-elf/4.8.3/../../../../../H-x86_64-mingw32/nios2-elf/lib\libc.a(lib_a-wctomb_r.o)
 .data          0x0000000004730df0        0x0 c:/altera/14.1/nios2eds/bin/gnu/h-x86_64-mingw32/bin/../lib/gcc/nios2-elf/4.8.3\libgcc.a(_udivdi3.o)
 .data          0x0000000004730df0        0x0 c:/altera/14.1/nios2eds/bin/gnu/h-x86_64-mingw32/bin/../lib/gcc/nios2-elf/4.8.3\libgcc.a(_umoddi3.o)
 .data          0x0000000004730df0        0x0 c:/altera/14.1/nios2eds/bin/gnu/h-x86_64-mingw32/bin/../lib/gcc/nios2-elf/4.8.3\libgcc.a(adddf3.o)
 .data          0x0000000004730df0        0x0 c:/altera/14.1/nios2eds/bin/gnu/h-x86_64-mingw32/bin/../lib/gcc/nios2-elf/4.8.3\libgcc.a(divdf3.o)
 .data          0x0000000004730df0        0x0 c:/altera/14.1/nios2eds/bin/gnu/h-x86_64-mingw32/bin/../lib/gcc/nios2-elf/4.8.3\libgcc.a(eqdf2.o)
 .data          0x0000000004730df0        0x0 c:/altera/14.1/nios2eds/bin/gnu/h-x86_64-mingw32/bin/../lib/gcc/nios2-elf/4.8.3\libgcc.a(gedf2.o)
 .data          0x0000000004730df0        0x0 c:/altera/14.1/nios2eds/bin/gnu/h-x86_64-mingw32/bin/../lib/gcc/nios2-elf/4.8.3\libgcc.a(ledf2.o)
 .data          0x0000000004730df0        0x0 c:/altera/14.1/nios2eds/bin/gnu/h-x86_64-mingw32/bin/../lib/gcc/nios2-elf/4.8.3\libgcc.a(muldf3.o)
 .data          0x0000000004730df0        0x0 c:/altera/14.1/nios2eds/bin/gnu/h-x86_64-mingw32/bin/../lib/gcc/nios2-elf/4.8.3\libgcc.a(subdf3.o)
 .data          0x0000000004730df0        0x0 c:/altera/14.1/nios2eds/bin/gnu/h-x86_64-mingw32/bin/../lib/gcc/nios2-elf/4.8.3\libgcc.a(fixdfsi.o)
 .data          0x0000000004730df0        0x0 c:/altera/14.1/nios2eds/bin/gnu/h-x86_64-mingw32/bin/../lib/gcc/nios2-elf/4.8.3\libgcc.a(floatsidf.o)
 .data          0x0000000004730df0        0x0 c:/altera/14.1/nios2eds/bin/gnu/h-x86_64-mingw32/bin/../lib/gcc/nios2-elf/4.8.3\libgcc.a(floatunsidf.o)
 .data          0x0000000004730df0        0x0 c:/altera/14.1/nios2eds/bin/gnu/h-x86_64-mingw32/bin/../lib/gcc/nios2-elf/4.8.3\libgcc.a(_clz.o)
 .data          0x0000000004730df0        0x0 c:/altera/14.1/nios2eds/bin/gnu/h-x86_64-mingw32/bin/../lib/gcc/nios2-elf/4.8.3\libgcc.a(_clzsi2.o)
 .data          0x0000000004730df0        0x0 ../lab5_bsp/\libucosii_bsp.a(alt_close.o)
 .data          0x0000000004730df0        0x0 ../lab5_bsp/\libucosii_bsp.a(alt_dcache_flush_all.o)
 .data          0x0000000004730df0      0x1a8 ../lab5_bsp/\libucosii_bsp.a(alt_dev.o)
                0x0000000004730df0                alt_fd_list
                0x0000000004730f70                alt_dev_null
 .data          0x0000000004730f98        0x0 ../lab5_bsp/\libucosii_bsp.a(alt_errno.o)
 .data          0x0000000004730f98        0x0 ../lab5_bsp/\libucosii_bsp.a(alt_fstat.o)
 .data          0x0000000004730f98        0x0 ../lab5_bsp/\libucosii_bsp.a(alt_iic.o)
 .data          0x0000000004730f98        0x0 ../lab5_bsp/\libucosii_bsp.a(alt_iic_isr_register.o)
 .data          0x0000000004730f98        0x0 ../lab5_bsp/\libucosii_bsp.a(alt_irq_entry.o)
 .data          0x0000000004730f98        0x0 ../lab5_bsp/\libucosii_bsp.a(alt_irq_handler.o)
 .data          0x0000000004730f98        0x0 ../lab5_bsp/\libucosii_bsp.a(alt_irq_vars.o)
 .data          0x0000000004730f98        0x0 ../lab5_bsp/\libucosii_bsp.a(alt_isatty.o)
 .data          0x0000000004730f98        0x0 ../lab5_bsp/\libucosii_bsp.a(alt_load.o)
 .data          0x0000000004730f98        0x0 ../lab5_bsp/\libucosii_bsp.a(alt_lseek.o)
 .data          0x0000000004730f98        0x0 ../lab5_bsp/\libucosii_bsp.a(alt_main.o)
 .data          0x0000000004730f98        0x0 ../lab5_bsp/\libucosii_bsp.a(alt_read.o)
 .data          0x0000000004730f98        0x0 ../lab5_bsp/\libucosii_bsp.a(alt_release_fd.o)
 .data          0x0000000004730f98        0x0 ../lab5_bsp/\libucosii_bsp.a(alt_sbrk.o)
 .data          0x0000000004730f98        0x0 ../lab5_bsp/\libucosii_bsp.a(alt_tick.o)
 .data          0x0000000004730f98        0x0 ../lab5_bsp/\libucosii_bsp.a(alt_write.o)
 .data          0x0000000004730f98        0x0 ../lab5_bsp/\libucosii_bsp.a(alt_env_lock.o)
 .data          0x0000000004730f98        0x0 ../lab5_bsp/\libucosii_bsp.a(alt_malloc_lock.o)
 .data          0x0000000004730f98        0x0 ../lab5_bsp/\libucosii_bsp.a(os_core.o)
 .data          0x0000000004730f98        0x0 ../lab5_bsp/\libucosii_bsp.a(os_dbg.o)
 .data          0x0000000004730f98        0x0 ../lab5_bsp/\libucosii_bsp.a(os_flag.o)
 .data          0x0000000004730f98        0x0 ../lab5_bsp/\libucosii_bsp.a(os_mem.o)
 .data          0x0000000004730f98        0x0 ../lab5_bsp/\libucosii_bsp.a(os_q.o)
 .data          0x0000000004730f98        0x0 ../lab5_bsp/\libucosii_bsp.a(os_sem.o)
 .data          0x0000000004730f98        0x0 ../lab5_bsp/\libucosii_bsp.a(os_task.o)
 .data          0x0000000004730f98        0x0 ../lab5_bsp/\libucosii_bsp.a(os_time.o)
 .data          0x0000000004730f98     0x106c ../lab5_bsp/\libucosii_bsp.a(alt_sys_init.o)
 .data          0x0000000004732004        0x0 ../lab5_bsp/\libucosii_bsp.a(altera_avalon_jtag_uart_fd.o)
 .data          0x0000000004732004        0x0 ../lab5_bsp/\libucosii_bsp.a(altera_avalon_jtag_uart_init.o)
 .data          0x0000000004732004        0x0 ../lab5_bsp/\libucosii_bsp.a(altera_avalon_jtag_uart_ioctl.o)
 .data          0x0000000004732004        0x0 ../lab5_bsp/\libucosii_bsp.a(altera_avalon_jtag_uart_read.o)
 .data          0x0000000004732004        0x0 ../lab5_bsp/\libucosii_bsp.a(altera_avalon_jtag_uart_write.o)
 .data          0x0000000004732004        0x0 ../lab5_bsp/\libucosii_bsp.a(altera_avalon_timer_sc.o)
 .data          0x0000000004732004        0x0 ../lab5_bsp/\libucosii_bsp.a(alt_alarm_start.o)
 .data          0x0000000004732004        0x0 ../lab5_bsp/\libucosii_bsp.a(alt_dev_llist_insert.o)
 .data          0x0000000004732004        0x0 ../lab5_bsp/\libucosii_bsp.a(alt_do_ctors.o)
 .data          0x0000000004732004        0x0 ../lab5_bsp/\libucosii_bsp.a(alt_do_dtors.o)
 .data          0x0000000004732004        0x0 ../lab5_bsp/\libucosii_bsp.a(alt_exception_entry.o)
 .data          0x0000000004732004        0x0 ../lab5_bsp/\libucosii_bsp.a(alt_icache_flush_all.o)
 .data          0x0000000004732004        0x0 ../lab5_bsp/\libucosii_bsp.a(alt_io_redirect.o)
 .data          0x0000000004732004        0x0 ../lab5_bsp/\libucosii_bsp.a(alt_open.o)
 .data          0x0000000004732004        0x0 ../lab5_bsp/\libucosii_bsp.a(altera_nios2_qsys_irq.o)
 .data          0x0000000004732004        0x0 ../lab5_bsp/\libucosii_bsp.a(os_cpu_a.o)
 .data          0x0000000004732004        0x0 ../lab5_bsp/\libucosii_bsp.a(os_cpu_c.o)
 .data          0x0000000004732004        0x0 ../lab5_bsp/\libucosii_bsp.a(alt_find_dev.o)
 .data          0x0000000004732004        0x0 ../lab5_bsp/\libucosii_bsp.a(alt_find_file.o)
 .data          0x0000000004732004        0x0 ../lab5_bsp/\libucosii_bsp.a(alt_get_fd.o)
 .data          0x0000000004732004        0x0 ../lab5_bsp/\libucosii_bsp.a(alt_icache_flush.o)
 .data          0x0000000004732004        0x0 c:/altera/14.1/nios2eds/bin/gnu/h-x86_64-mingw32/bin/../lib/gcc/nios2-elf/4.8.3/../../../../../H-x86_64-mingw32/nios2-elf/lib\libc.a(lib_a-atexit.o)
 .data          0x0000000004732004        0x0 c:/altera/14.1/nios2eds/bin/gnu/h-x86_64-mingw32/bin/../lib/gcc/nios2-elf/4.8.3/../../../../../H-x86_64-mingw32/nios2-elf/lib\libc.a(lib_a-exit.o)
 .data          0x0000000004732004        0x0 c:/altera/14.1/nios2eds/bin/gnu/h-x86_64-mingw32/bin/../lib/gcc/nios2-elf/4.8.3/../../../../../H-x86_64-mingw32/nios2-elf/lib\libc.a(lib_a-memcmp.o)
 .data          0x0000000004732004        0x0 c:/altera/14.1/nios2eds/bin/gnu/h-x86_64-mingw32/bin/../lib/gcc/nios2-elf/4.8.3/../../../../../H-x86_64-mingw32/nios2-elf/lib\libc.a(lib_a-__atexit.o)
 .data          0x0000000004732004        0x0 c:/altera/14.1/nios2eds/bin/gnu/h-x86_64-mingw32/bin/../lib/gcc/nios2-elf/4.8.3/../../../../../H-x86_64-mingw32/nios2-elf/lib\libc.a(lib_a-__call_atexit.o)
 .data          0x0000000004732004        0x0 ../lab5_bsp/\libucosii_bsp.a(alt_exit.o)
                0x000000000473a004                _gp = ABSOLUTE ((. + 0x8000))
                0x000000000473a004                PROVIDE (gp, _gp)
 *(.rwdata .rwdata.*)
 *(.sdata .sdata.* .gnu.linkonce.s.*)
 .sdata         0x0000000004732004        0x4 obj/default/graphic_lib/simple_graphics.o
                0x0000000004732004                cour10_font
 .sdata         0x0000000004732008        0x4 obj/default/hello_ucosii.o
                0x0000000004732008                freq_reader
 .sdata         0x000000000473200c        0x4 obj/default/song/song.o
                0x000000000473200c                size_song
 .sdata         0x0000000004732010        0x8 c:/altera/14.1/nios2eds/bin/gnu/h-x86_64-mingw32/bin/../lib/gcc/nios2-elf/4.8.3/../../../../../H-x86_64-mingw32/nios2-elf/lib\libc.a(lib_a-mallocr.o)
                0x0000000004732010                __malloc_sbrk_base
                0x0000000004732014                __malloc_trim_threshold
 .sdata         0x0000000004732018        0x8 c:/altera/14.1/nios2eds/bin/gnu/h-x86_64-mingw32/bin/../lib/gcc/nios2-elf/4.8.3/../../../../../H-x86_64-mingw32/nios2-elf/lib\libc.a(lib_a-impure.o)
                0x0000000004732018                _global_impure_ptr
                0x000000000473201c                _impure_ptr
 .sdata         0x0000000004732020        0x4 c:/altera/14.1/nios2eds/bin/gnu/h-x86_64-mingw32/bin/../lib/gcc/nios2-elf/4.8.3/../../../../../H-x86_64-mingw32/nios2-elf/lib\libc.a(lib_a-locale.o)
                0x0000000004732020                __mb_cur_max
 .sdata         0x0000000004732024        0x4 c:/altera/14.1/nios2eds/bin/gnu/h-x86_64-mingw32/bin/../lib/gcc/nios2-elf/4.8.3/../../../../../H-x86_64-mingw32/nios2-elf/lib\libc.a(lib_a-wctomb_r.o)
                0x0000000004732024                __wctomb
 .sdata         0x0000000004732028       0x14 ../lab5_bsp/\libucosii_bsp.a(alt_dev.o)
                0x0000000004732028                alt_max_fd
                0x000000000473202c                alt_dev_list
                0x0000000004732034                alt_fs_list
 .sdata         0x000000000473203c        0x4 ../lab5_bsp/\libucosii_bsp.a(alt_errno.o)
                0x000000000473203c                alt_errno
 .sdata         0x0000000004732040        0x4 ../lab5_bsp/\libucosii_bsp.a(alt_irq_vars.o)
                0x0000000004732040                alt_priority_mask
 .sdata         0x0000000004732044        0x4 ../lab5_bsp/\libucosii_bsp.a(alt_sbrk.o)
 .sdata         0x0000000004732048        0x8 ../lab5_bsp/\libucosii_bsp.a(alt_tick.o)
                0x0000000004732048                alt_alarm_list
 .sdata         0x0000000004732050        0x4 ../lab5_bsp/\libucosii_bsp.a(alt_env_lock.o)
 .sdata         0x0000000004732054        0x4 ../lab5_bsp/\libucosii_bsp.a(alt_malloc_lock.o)
 .sdata         0x0000000004732058       0x74 ../lab5_bsp/\libucosii_bsp.a(os_dbg.o)
                0x0000000004732058                OSDataSize
                0x000000000473205a                OSTmrWheelTblSize
                0x000000000473205c                OSTmrWheelSize
                0x000000000473205e                OSTmrTblSize
                0x0000000004732060                OSTmrSize
                0x0000000004732062                OSTmrCfgTicksPerSec
                0x0000000004732064                OSTmrCfgWheelSize
                0x0000000004732066                OSTmrCfgNameSize
                0x0000000004732068                OSTmrCfgMax
                0x000000000473206a                OSTmrEn
                0x000000000473206c                OSVersionNbr
                0x000000000473206e                OSTimeTickHookEn
                0x0000000004732070                OSTicksPerSec
                0x0000000004732072                OSTCBSize
                0x0000000004732074                OSTCBPrioTblMax
                0x0000000004732076                OSTaskSwHookEn
                0x0000000004732078                OSTaskStatStkChkEn
                0x000000000473207a                OSTaskStatStkSize
                0x000000000473207c                OSTaskStatEn
                0x000000000473207e                OSTaskNameSize
                0x0000000004732080                OSTaskMax
                0x0000000004732082                OSTaskProfileEn
                0x0000000004732084                OSTaskIdleStkSize
                0x0000000004732086                OSTaskDelEn
                0x0000000004732088                OSTaskCreateExtEn
                0x000000000473208a                OSTaskCreateEn
                0x000000000473208c                OSStkWidth
                0x000000000473208e                OSSemEn
                0x0000000004732090                OSRdyTblSize
                0x0000000004732092                OSQSize
                0x0000000004732094                OSQMax
                0x0000000004732096                OSQEn
                0x0000000004732098                OSPtrSize
                0x000000000473209a                OSMutexEn
                0x000000000473209c                OSMemTblSize
                0x000000000473209e                OSMemSize
                0x00000000047320a0                OSMemNameSize
                0x00000000047320a2                OSMemMax
                0x00000000047320a4                OSMemEn
                0x00000000047320a6                OSMboxEn
                0x00000000047320a8                OSLowestPrio
                0x00000000047320aa                OSFlagNameSize
                0x00000000047320ac                OSFlagMax
                0x00000000047320ae                OSFlagWidth
                0x00000000047320b0                OSFlagNodeSize
                0x00000000047320b2                OSFlagGrpSize
                0x00000000047320b4                OSFlagEn
                0x00000000047320b6                OSEventMultiEn
                0x00000000047320b8                OSEventTblSize
                0x00000000047320ba                OSEventSize
                0x00000000047320bc                OSEventNameSize
                0x00000000047320be                OSEventMax
                0x00000000047320c0                OSEventEn
                0x00000000047320c4                OSEndiannessTest
                0x00000000047320c8                OSDebugEn
 *(.sdata2 .sdata2.* .gnu.linkonce.s2.*)
                0x00000000047320cc                . = ALIGN (0x4)
                0x00000000047320cc                _edata = ABSOLUTE (.)
                0x00000000047320cc                PROVIDE (edata, ABSOLUTE (.))
                0x00000000047320cc                PROVIDE (__ram_rwdata_end, ABSOLUTE (.))
                0x00000000047320cc                PROVIDE (__flash_rwdata_start, LOADADDR (.rwdata))

.bss            0x00000000047357e4     0xf404
                0x00000000047357e4                __bss_start = ABSOLUTE (.)
                0x00000000047357e4                PROVIDE (__sbss_start, ABSOLUTE (.))
                0x00000000047357e4                PROVIDE (___sbss_start, ABSOLUTE (.))
 *(.dynsbss)
 *(.sbss .sbss.* .gnu.linkonce.sb.*)
 .sbss          0x00000000047357e4        0x1 obj/default/drivers/drivers.o
 .sbss          0x00000000047357e5        0x3 obj/default/hello_ucosii.o
                0x00000000047357e5                stop_song
                0x00000000047357e6                pause_song
                0x00000000047357e7                play_song
 .sbss          0x00000000047357e8        0x4 obj/default/hello_ucosii.o
                0x00000000047357e8                SW_Frame
 .sbss          0x00000000047357ec        0xc c:/altera/14.1/nios2eds/bin/gnu/h-x86_64-mingw32/bin/../lib/gcc/nios2-elf/4.8.3/../../../../../H-x86_64-mingw32/nios2-elf/lib\libc.a(lib_a-mallocr.o)
                0x00000000047357ec                __malloc_max_total_mem
                0x00000000047357f0                __malloc_max_sbrked_mem
                0x00000000047357f4                __malloc_top_pad
 .sbss          0x00000000047357f8        0x4 c:/altera/14.1/nios2eds/bin/gnu/h-x86_64-mingw32/bin/../lib/gcc/nios2-elf/4.8.3/../../../../../H-x86_64-mingw32/nios2-elf/lib\libc.a(lib_a-int_errno.o)
                0x00000000047357f8                errno
 .sbss          0x00000000047357fc        0xc c:/altera/14.1/nios2eds/bin/gnu/h-x86_64-mingw32/bin/../lib/gcc/nios2-elf/4.8.3/../../../../../H-x86_64-mingw32/nios2-elf/lib\libc.a(lib_a-locale.o)
                0x00000000047357fc                _PathLocale
                0x0000000004735800                __mlocale_changed
                0x0000000004735804                __nlocale_changed
 .sbss          0x0000000004735808        0x4 ../lab5_bsp/\libucosii_bsp.a(alt_dev.o)
                0x0000000004735808                alt_fd_list_lock
 .sbss          0x000000000473580c        0x4 ../lab5_bsp/\libucosii_bsp.a(alt_irq_vars.o)
                0x000000000473580c                alt_irq_active
 .sbss          0x0000000004735810        0xc ../lab5_bsp/\libucosii_bsp.a(alt_main.o)
                0x0000000004735810                alt_envp
                0x0000000004735814                alt_argv
                0x0000000004735818                alt_argc
 .sbss          0x000000000473581c        0x8 ../lab5_bsp/\libucosii_bsp.a(alt_tick.o)
                0x000000000473581c                _alt_nticks
                0x0000000004735820                _alt_tick_rate
 .sbss          0x0000000004735824        0x8 ../lab5_bsp/\libucosii_bsp.a(alt_env_lock.o)
                0x0000000004735828                alt_envsem
 .sbss          0x000000000473582c        0x8 ../lab5_bsp/\libucosii_bsp.a(alt_malloc_lock.o)
                0x0000000004735830                alt_heapsem
 .sbss          0x0000000004735834       0x50 ../lab5_bsp/\libucosii_bsp.a(os_core.o)
                0x0000000004735834                OSLockNesting
                0x0000000004735835                OSRunning
                0x0000000004735838                OSIdleCtr
                0x000000000473583c                OSPrioHighRdy
                0x000000000473583d                OSPrioCur
                0x0000000004735840                OSTCBList
                0x0000000004735844                OSTickStepState
                0x0000000004735848                OSCtxSwCtr
                0x000000000473584c                OSIdleCtrMax
                0x0000000004735850                OSTCBFreeList
                0x0000000004735854                OSCPUUsage
                0x0000000004735855                OSTaskCtr
                0x0000000004735858                OSMemFreeList
                0x000000000473585c                OSTCBHighRdy
                0x0000000004735860                OSQFreeList
                0x0000000004735864                OSRdyGrp
                0x0000000004735865                OSRdyTbl
                0x0000000004735868                OSEventFreeList
                0x000000000473586c                OSIntNesting
                0x0000000004735870                OSTCBCur
                0x0000000004735874                OSTime
                0x0000000004735878                OSFlagFreeList
                0x000000000473587c                OSStatRdy
                0x0000000004735880                OSIdleCtrRun
 *(.sbss2 .sbss2.* .gnu.linkonce.sb2.*)
 *(.scommon)
                0x0000000004735884                PROVIDE (__sbss_end, ABSOLUTE (.))
                0x0000000004735884                PROVIDE (___sbss_end, ABSOLUTE (.))
 *(.dynbss)
 *(.bss .bss.* .gnu.linkonce.b.*)
 .bss           0x0000000004735884        0x0 ../lab5_bsp//obj/HAL/src/crt0.o
 .bss           0x0000000004735884        0x0 obj/default/drivers/drivers.o
 .bss           0x0000000004735884        0x0 obj/default/fonts/tahomabold_20.o
 .bss           0x0000000004735884        0x0 obj/default/fonts/tahomabold_32.o
 .bss           0x0000000004735884        0x0 obj/default/frame.o
 .bss           0x0000000004735884        0x0 obj/default/graphic_lib/draw_gimps.o
 .bss           0x0000000004735884        0x0 obj/default/graphic_lib/gimp_bmp.o
 .bss           0x0000000004735884        0x0 obj/default/graphic_lib/simple_graphics.o
 .bss           0x0000000004735884        0x0 obj/default/graphic_lib/simple_text.o
 .bss           0x0000000004735884        0x0 obj/default/hello_ucosii.o
 .bss           0x0000000004735884        0x0 obj/default/imagenes/back_down.o
 .bss           0x0000000004735884        0x0 obj/default/imagenes/back_up.o
 .bss           0x0000000004735884        0x0 obj/default/imagenes/ford_down.o
 .bss           0x0000000004735884        0x0 obj/default/imagenes/ford_up.o
 .bss           0x0000000004735884        0x0 obj/default/imagenes/pause_down.o
 .bss           0x0000000004735884        0x0 obj/default/imagenes/pause_up.o
 .bss           0x0000000004735884        0x0 obj/default/imagenes/play_down.o
 .bss           0x0000000004735884        0x0 obj/default/imagenes/play_up.o
 .bss           0x0000000004735884        0x0 obj/default/imagenes/stop_down.o
 .bss           0x0000000004735884        0x0 obj/default/imagenes/stop_up.o
 .bss           0x0000000004735884        0x0 obj/default/song/song.o
 .bss           0x0000000004735884        0x0 obj/default/student_code/student_code.o
 .bss           0x0000000004735884        0x0 obj/default/vip_fr.o
 .bss           0x0000000004735884        0x0 c:/altera/14.1/nios2eds/bin/gnu/h-x86_64-mingw32/bin/../lib/gcc/nios2-elf/4.8.3\libgcc.a(lib2-divmod.o)
 .bss           0x0000000004735884        0x0 c:/altera/14.1/nios2eds/bin/gnu/h-x86_64-mingw32/bin/../lib/gcc/nios2-elf/4.8.3\libgcc.a(fixsfsi.o)
 .bss           0x0000000004735884        0x0 c:/altera/14.1/nios2eds/bin/gnu/h-x86_64-mingw32/bin/../lib/gcc/nios2-elf/4.8.3/../../../../../H-x86_64-mingw32/nios2-elf/lib\libc.a(lib_a-malloc.o)
 .bss           0x0000000004735884       0x28 c:/altera/14.1/nios2eds/bin/gnu/h-x86_64-mingw32/bin/../lib/gcc/nios2-elf/4.8.3/../../../../../H-x86_64-mingw32/nios2-elf/lib\libc.a(lib_a-mallocr.o)
                0x0000000004735884                __malloc_current_mallinfo
 .bss           0x00000000047358ac        0x0 c:/altera/14.1/nios2eds/bin/gnu/h-x86_64-mingw32/bin/../lib/gcc/nios2-elf/4.8.3/../../../../../H-x86_64-mingw32/nios2-elf/lib\libc.a(lib_a-memcpy.o)
 .bss           0x00000000047358ac        0x0 c:/altera/14.1/nios2eds/bin/gnu/h-x86_64-mingw32/bin/../lib/gcc/nios2-elf/4.8.3/../../../../../H-x86_64-mingw32/nios2-elf/lib\libc.a(lib_a-memset.o)
 .bss           0x00000000047358ac        0x0 c:/altera/14.1/nios2eds/bin/gnu/h-x86_64-mingw32/bin/../lib/gcc/nios2-elf/4.8.3/../../../../../H-x86_64-mingw32/nios2-elf/lib\libc.a(lib_a-printf.o)
 .bss           0x00000000047358ac        0x0 c:/altera/14.1/nios2eds/bin/gnu/h-x86_64-mingw32/bin/../lib/gcc/nios2-elf/4.8.3/../../../../../H-x86_64-mingw32/nios2-elf/lib\libc.a(lib_a-sbrkr.o)
 .bss           0x00000000047358ac        0x0 c:/altera/14.1/nios2eds/bin/gnu/h-x86_64-mingw32/bin/../lib/gcc/nios2-elf/4.8.3/../../../../../H-x86_64-mingw32/nios2-elf/lib\libc.a(lib_a-strcpy.o)
 .bss           0x00000000047358ac        0x0 c:/altera/14.1/nios2eds/bin/gnu/h-x86_64-mingw32/bin/../lib/gcc/nios2-elf/4.8.3/../../../../../H-x86_64-mingw32/nios2-elf/lib\libc.a(lib_a-strlen.o)
 .bss           0x00000000047358ac        0x0 c:/altera/14.1/nios2eds/bin/gnu/h-x86_64-mingw32/bin/../lib/gcc/nios2-elf/4.8.3/../../../../../H-x86_64-mingw32/nios2-elf/lib\libc.a(lib_a-vfprintf.o)
 .bss           0x00000000047358ac        0x0 c:/altera/14.1/nios2eds/bin/gnu/h-x86_64-mingw32/bin/../lib/gcc/nios2-elf/4.8.3/../../../../../H-x86_64-mingw32/nios2-elf/lib\libc.a(lib_a-wsetup.o)
 .bss           0x00000000047358ac        0x0 c:/altera/14.1/nios2eds/bin/gnu/h-x86_64-mingw32/bin/../lib/gcc/nios2-elf/4.8.3/../../../../../H-x86_64-mingw32/nios2-elf/lib\libc.a(lib_a-dtoa.o)
 .bss           0x00000000047358ac        0x0 c:/altera/14.1/nios2eds/bin/gnu/h-x86_64-mingw32/bin/../lib/gcc/nios2-elf/4.8.3/../../../../../H-x86_64-mingw32/nios2-elf/lib\libc.a(lib_a-fflush.o)
 .bss           0x00000000047358ac        0x0 c:/altera/14.1/nios2eds/bin/gnu/h-x86_64-mingw32/bin/../lib/gcc/nios2-elf/4.8.3/../../../../../H-x86_64-mingw32/nios2-elf/lib\libc.a(lib_a-findfp.o)
 .bss           0x00000000047358ac        0x0 c:/altera/14.1/nios2eds/bin/gnu/h-x86_64-mingw32/bin/../lib/gcc/nios2-elf/4.8.3/../../../../../H-x86_64-mingw32/nios2-elf/lib\libc.a(lib_a-freer.o)
 .bss           0x00000000047358ac        0x0 c:/altera/14.1/nios2eds/bin/gnu/h-x86_64-mingw32/bin/../lib/gcc/nios2-elf/4.8.3/../../../../../H-x86_64-mingw32/nios2-elf/lib\libc.a(lib_a-fwalk.o)
 .bss           0x00000000047358ac        0x0 c:/altera/14.1/nios2eds/bin/gnu/h-x86_64-mingw32/bin/../lib/gcc/nios2-elf/4.8.3/../../../../../H-x86_64-mingw32/nios2-elf/lib\libc.a(lib_a-impure.o)
 .bss           0x00000000047358ac        0x0 c:/altera/14.1/nios2eds/bin/gnu/h-x86_64-mingw32/bin/../lib/gcc/nios2-elf/4.8.3/../../../../../H-x86_64-mingw32/nios2-elf/lib\libc.a(lib_a-int_errno.o)
 .bss           0x00000000047358ac        0x0 c:/altera/14.1/nios2eds/bin/gnu/h-x86_64-mingw32/bin/../lib/gcc/nios2-elf/4.8.3/../../../../../H-x86_64-mingw32/nios2-elf/lib\libc.a(lib_a-locale.o)
 .bss           0x00000000047358ac        0x0 c:/altera/14.1/nios2eds/bin/gnu/h-x86_64-mingw32/bin/../lib/gcc/nios2-elf/4.8.3/../../../../../H-x86_64-mingw32/nios2-elf/lib\libc.a(lib_a-makebuf.o)
 .bss           0x00000000047358ac        0x0 c:/altera/14.1/nios2eds/bin/gnu/h-x86_64-mingw32/bin/../lib/gcc/nios2-elf/4.8.3/../../../../../H-x86_64-mingw32/nios2-elf/lib\libc.a(lib_a-memchr.o)
 .bss           0x00000000047358ac        0x0 c:/altera/14.1/nios2eds/bin/gnu/h-x86_64-mingw32/bin/../lib/gcc/nios2-elf/4.8.3/../../../../../H-x86_64-mingw32/nios2-elf/lib\libc.a(lib_a-mprec.o)
 .bss           0x00000000047358ac        0x0 c:/altera/14.1/nios2eds/bin/gnu/h-x86_64-mingw32/bin/../lib/gcc/nios2-elf/4.8.3/../../../../../H-x86_64-mingw32/nios2-elf/lib\libc.a(lib_a-s_fpclassify.o)
 .bss           0x00000000047358ac        0x0 c:/altera/14.1/nios2eds/bin/gnu/h-x86_64-mingw32/bin/../lib/gcc/nios2-elf/4.8.3/../../../../../H-x86_64-mingw32/nios2-elf/lib\libc.a(lib_a-stdio.o)
 .bss           0x00000000047358ac        0x0 c:/altera/14.1/nios2eds/bin/gnu/h-x86_64-mingw32/bin/../lib/gcc/nios2-elf/4.8.3/../../../../../H-x86_64-mingw32/nios2-elf/lib\libc.a(lib_a-strcmp.o)
 .bss           0x00000000047358ac        0x0 c:/altera/14.1/nios2eds/bin/gnu/h-x86_64-mingw32/bin/../lib/gcc/nios2-elf/4.8.3/../../../../../H-x86_64-mingw32/nios2-elf/lib\libc.a(lib_a-vfiprintf.o)
 .bss           0x00000000047358ac        0x0 c:/altera/14.1/nios2eds/bin/gnu/h-x86_64-mingw32/bin/../lib/gcc/nios2-elf/4.8.3/../../../../../H-x86_64-mingw32/nios2-elf/lib\libc.a(lib_a-writer.o)
 .bss           0x00000000047358ac        0x0 c:/altera/14.1/nios2eds/bin/gnu/h-x86_64-mingw32/bin/../lib/gcc/nios2-elf/4.8.3/../../../../../H-x86_64-mingw32/nios2-elf/lib\libc.a(closer.o)
 .bss           0x00000000047358ac        0x0 c:/altera/14.1/nios2eds/bin/gnu/h-x86_64-mingw32/bin/../lib/gcc/nios2-elf/4.8.3/../../../../../H-x86_64-mingw32/nios2-elf/lib\libc.a(lib_a-callocr.o)
 .bss           0x00000000047358ac        0x0 c:/altera/14.1/nios2eds/bin/gnu/h-x86_64-mingw32/bin/../lib/gcc/nios2-elf/4.8.3/../../../../../H-x86_64-mingw32/nios2-elf/lib\libc.a(lib_a-fclose.o)
 .bss           0x00000000047358ac        0x0 c:/altera/14.1/nios2eds/bin/gnu/h-x86_64-mingw32/bin/../lib/gcc/nios2-elf/4.8.3/../../../../../H-x86_64-mingw32/nios2-elf/lib\libc.a(lib_a-fputwc.o)
 .bss           0x00000000047358ac        0x0 c:/altera/14.1/nios2eds/bin/gnu/h-x86_64-mingw32/bin/../lib/gcc/nios2-elf/4.8.3/../../../../../H-x86_64-mingw32/nios2-elf/lib\libc.a(lib_a-fstatr.o)
 .bss           0x00000000047358ac        0x0 c:/altera/14.1/nios2eds/bin/gnu/h-x86_64-mingw32/bin/../lib/gcc/nios2-elf/4.8.3/../../../../../H-x86_64-mingw32/nios2-elf/lib\libc.a(lib_a-fvwrite.o)
 .bss           0x00000000047358ac        0x0 c:/altera/14.1/nios2eds/bin/gnu/h-x86_64-mingw32/bin/../lib/gcc/nios2-elf/4.8.3/../../../../../H-x86_64-mingw32/nios2-elf/lib\libc.a(lib_a-isattyr.o)
 .bss           0x00000000047358ac        0x0 c:/altera/14.1/nios2eds/bin/gnu/h-x86_64-mingw32/bin/../lib/gcc/nios2-elf/4.8.3/../../../../../H-x86_64-mingw32/nios2-elf/lib\libc.a(lib_a-lseekr.o)
 .bss           0x00000000047358ac        0x0 c:/altera/14.1/nios2eds/bin/gnu/h-x86_64-mingw32/bin/../lib/gcc/nios2-elf/4.8.3/../../../../../H-x86_64-mingw32/nios2-elf/lib\libc.a(lib_a-memmove.o)
 .bss           0x00000000047358ac        0x0 c:/altera/14.1/nios2eds/bin/gnu/h-x86_64-mingw32/bin/../lib/gcc/nios2-elf/4.8.3/../../../../../H-x86_64-mingw32/nios2-elf/lib\libc.a(lib_a-readr.o)
 .bss           0x00000000047358ac        0x0 c:/altera/14.1/nios2eds/bin/gnu/h-x86_64-mingw32/bin/../lib/gcc/nios2-elf/4.8.3/../../../../../H-x86_64-mingw32/nios2-elf/lib\libc.a(lib_a-reallocr.o)
 .bss           0x00000000047358ac        0x0 c:/altera/14.1/nios2eds/bin/gnu/h-x86_64-mingw32/bin/../lib/gcc/nios2-elf/4.8.3/../../../../../H-x86_64-mingw32/nios2-elf/lib\libc.a(lib_a-wbuf.o)
 .bss           0x00000000047358ac        0x0 c:/altera/14.1/nios2eds/bin/gnu/h-x86_64-mingw32/bin/../lib/gcc/nios2-elf/4.8.3/../../../../../H-x86_64-mingw32/nios2-elf/lib\libc.a(lib_a-wcrtomb.o)
 .bss           0x00000000047358ac        0x0 c:/altera/14.1/nios2eds/bin/gnu/h-x86_64-mingw32/bin/../lib/gcc/nios2-elf/4.8.3/../../../../../H-x86_64-mingw32/nios2-elf/lib\libc.a(lib_a-wctomb_r.o)
 .bss           0x00000000047358ac        0x0 c:/altera/14.1/nios2eds/bin/gnu/h-x86_64-mingw32/bin/../lib/gcc/nios2-elf/4.8.3\libgcc.a(_udivdi3.o)
 .bss           0x00000000047358ac        0x0 c:/altera/14.1/nios2eds/bin/gnu/h-x86_64-mingw32/bin/../lib/gcc/nios2-elf/4.8.3\libgcc.a(_umoddi3.o)
 .bss           0x00000000047358ac        0x0 c:/altera/14.1/nios2eds/bin/gnu/h-x86_64-mingw32/bin/../lib/gcc/nios2-elf/4.8.3\libgcc.a(adddf3.o)
 .bss           0x00000000047358ac        0x0 c:/altera/14.1/nios2eds/bin/gnu/h-x86_64-mingw32/bin/../lib/gcc/nios2-elf/4.8.3\libgcc.a(divdf3.o)
 .bss           0x00000000047358ac        0x0 c:/altera/14.1/nios2eds/bin/gnu/h-x86_64-mingw32/bin/../lib/gcc/nios2-elf/4.8.3\libgcc.a(eqdf2.o)
 .bss           0x00000000047358ac        0x0 c:/altera/14.1/nios2eds/bin/gnu/h-x86_64-mingw32/bin/../lib/gcc/nios2-elf/4.8.3\libgcc.a(gedf2.o)